2026-09-30T20:42:16.4588464Z Current runner version: '2.337.0'
2026-09-30T20:42:16.4626991Z ##[group]Runner Image Provisioner
2026-09-30T20:42:16.4628372Z Hosted Compute Agent
2026-09-30T20:42:16.4629549Z Version: 20260901.588
2026-09-30T20:42:16.4630755Z Commit: f88ec8081b781fac6c440065ac7ff9e710ce3d0b
2026-09-30T20:42:16.4632298Z Build Date: 2026-09-01T19:56:44Z
2026-09-30T20:42:16.4633752Z Worker ID: {2ab8a95e-946b-4fab-947d-89903401fadf}
2026-09-30T20:42:16.4635086Z Azure Region: eastus
2026-09-30T20:42:16.4636279Z ##[endgroup]
2026-09-30T20:42:16.4639305Z ##[group]Operating System
2026-09-30T20:42:16.4640533Z Ubuntu
2026-09-30T20:42:16.4641392Z 24.04.5
2026-09-30T20:42:16.4642496Z LTS
2026-09-30T20:42:16.4643536Z ##[endgroup]
2026-09-30T20:42:16.4644462Z ##[group]Runner Image
2026-09-30T20:42:16.4645564Z Image: ubuntu-24.04
2026-09-30T20:42:16.4646537Z Version: 20260927.320.1
2026-09-30T20:42:16.4648833Z Included Software: https://github.com/actions/runner-images/blob/ubuntu24/20260927.320/images/ubuntu/Ubuntu2404-Readme.md
2026-09-30T20:42:16.4651735Z Image Release: https://github.com/actions/runner-images/releases/tag/ubuntu24%2F20260927.320
2026-09-30T20:42:16.4653974Z ##[endgroup]
2026-09-30T20:42:16.4655895Z ##[group]GITHUB_TOKEN Permissions
2026-09-30T20:42:16.4658962Z Contents: read
2026-09-30T20:42:16.4659944Z Metadata: read
2026-09-30T20:42:16.4660969Z ##[endgroup]
2026-09-30T20:42:16.4664210Z Secret source: Actions
2026-09-30T20:42:16.4665837Z Cache mode: write
2026-09-30T20:42:16.4667523Z Prepare workflow directory
2026-09-30T20:42:16.5160909Z Prepare all required actions
2026-09-30T20:42:16.5234433Z Getting action download info
2026-09-30T20:42:16.6856999Z Download action repository 'actions/checkout@3d3c42e5aac5ba805825da76410c181273ba90b1' (SHA:3d3c42e5aac5ba805825da76410c181273ba90b1)
2026-09-30T20:42:16.7872645Z Download action repository 'actions/setup-python@5fda3b95a4ea91299a34e894583c3862153e4b97' (SHA:5fda3b95a4ea91299a34e894583c3862153e4b97)
2026-09-30T20:42:17.0069902Z Complete job name: linux-containment
2026-09-30T20:42:17.0849898Z ##[group]Run actions/checkout@3d3c42e5aac5ba805825da76410c181273ba90b1
2026-09-30T20:42:17.0850987Z with:
2026-09-30T20:42:17.0851443Z   persist-credentials: false
2026-09-30T20:42:17.0852289Z   repository: Rick-Clinton-jpg/Black-Mirror
2026-09-30T20:42:17.0856163Z   token: ***
2026-09-30T20:42:17.0856608Z   ssh-strict: true
2026-09-30T20:42:17.0857062Z   ssh-user: git
2026-09-30T20:42:17.0857502Z   clean: true
2026-09-30T20:42:17.0857959Z   sparse-checkout-cone-mode: true
2026-09-30T20:42:17.0858492Z   fetch-depth: 1
2026-09-30T20:42:17.0858928Z   fetch-tags: false
2026-09-30T20:42:17.0859378Z   show-progress: true
2026-09-30T20:42:17.0859826Z   lfs: false
2026-09-30T20:42:17.0860249Z   submodules: false
2026-09-30T20:42:17.0860703Z   set-safe-directory: true
2026-09-30T20:42:17.0861220Z   allow-unsafe-pr-checkout: false
2026-09-30T20:42:17.0862237Z ##[endgroup]
2026-09-30T20:42:17.1900878Z Syncing repository: Rick-Clinton-jpg/Black-Mirror
2026-09-30T20:42:17.1904079Z ##[group]Getting Git version info
2026-09-30T20:42:17.1905340Z Working directory is '/home/runner/work/Black-Mirror/Black-Mirror'
2026-09-30T20:42:17.1907270Z [command]/usr/bin/git version
2026-09-30T20:42:17.1990736Z git version 2.55.0
2026-09-30T20:42:17.2013217Z ##[endgroup]
2026-09-30T20:42:17.2026596Z Temporarily overriding HOME='/home/runner/work/_temp/e751914c-077c-499f-8fca-8e13732ecd1c' before making global git config changes
2026-09-30T20:42:17.2029035Z Adding repository directory to the temporary git global config as a safe directory
2026-09-30T20:42:17.2035185Z [command]/usr/bin/git config --global --add safe.directory /home/runner/work/Black-Mirror/Black-Mirror
2026-09-30T20:42:17.2087973Z Deleting the contents of '/home/runner/work/Black-Mirror/Black-Mirror'
2026-09-30T20:42:17.2090755Z ##[group]Determining repository object format
2026-09-30T20:42:17.2092384Z ##[endgroup]
2026-09-30T20:42:17.2093801Z ##[group]Initializing the repository
2026-09-30T20:42:17.2096564Z [command]/usr/bin/git init /home/runner/work/Black-Mirror/Black-Mirror
2026-09-30T20:42:17.2202271Z hint: Using 'master' as the name for the initial branch. This default branch name
2026-09-30T20:42:17.2203677Z hint: will change to "main" in Git 3.0. To configure the initial branch name
2026-09-30T20:42:17.2205231Z hint: to use in all of your new repositories, which will suppress this warning,
2026-09-30T20:42:17.2206619Z hint: call:
2026-09-30T20:42:17.2207370Z hint:
2026-09-30T20:42:17.2208295Z hint: 	git config --global init.defaultBranch <name>
2026-09-30T20:42:17.2209439Z hint:
2026-09-30T20:42:17.2210506Z hint: Names commonly chosen instead of 'master' are 'main', 'trunk' and
2026-09-30T20:42:17.2212527Z hint: 'development'. The just-created branch can be renamed via this command:
2026-09-30T20:42:17.2213873Z hint:
2026-09-30T20:42:17.2214679Z hint: 	git branch -m <name>
2026-09-30T20:42:17.2215501Z hint:
2026-09-30T20:42:17.2216956Z hint: Disable this message with "git config set advice.defaultBranchName false"
2026-09-30T20:42:17.2219024Z Initialized empty Git repository in /home/runner/work/Black-Mirror/Black-Mirror/.git/
2026-09-30T20:42:17.2221778Z [command]/usr/bin/git remote add origin https://github.com/Rick-Clinton-jpg/Black-Mirror
2026-09-30T20:42:17.2284952Z ##[endgroup]
2026-09-30T20:42:17.2286359Z ##[group]Disabling automatic garbage collection
2026-09-30T20:42:17.2287606Z [command]/usr/bin/git config --local gc.auto 0
2026-09-30T20:42:17.2311486Z ##[endgroup]
2026-09-30T20:42:17.2313587Z ##[group]Setting up auth
2026-09-30T20:42:17.2314575Z Removing SSH command configuration
2026-09-30T20:42:17.2319451Z [command]/usr/bin/git config --local --name-only --get-regexp core\.sshCommand
2026-09-30T20:42:17.2384514Z [command]/usr/bin/git submodule foreach --recursive sh -c "git config --local --name-only --get-regexp 'core\.sshCommand' && git config --local --unset-all 'core.sshCommand' || :"
2026-09-30T20:42:17.2742381Z Removing HTTP extra header
2026-09-30T20:42:17.2748472Z [command]/usr/bin/git config --local --name-only --get-regexp http\.https\:\/\/github\.com\/\.extraheader
2026-09-30T20:42:17.2785220Z [command]/usr/bin/git submodule foreach --recursive sh -c "git config --local --name-only --get-regexp 'http\.https\:\/\/github\.com\/\.extraheader' && git config --local --unset-all 'http.https://github.com/.extraheader' || :"
2026-09-30T20:42:17.3006220Z Removing includeIf entries pointing to credentials config files
2026-09-30T20:42:17.3011131Z [command]/usr/bin/git config --local --name-only --get-regexp ^includeIf\.gitdir:
2026-09-30T20:42:17.3054599Z [command]/usr/bin/git submodule foreach --recursive git config --local --show-origin --name-only --get-regexp remote.origin.url
2026-09-30T20:42:17.3278093Z [command]/usr/bin/git config --file /home/runner/work/_temp/git-credentials-8460341f-a42b-4d89-86bc-0b591bd08149.config http.https://github.com/.extraheader AUTHORIZATION: basic ***
2026-09-30T20:42:17.3317268Z [command]/usr/bin/git config --local includeIf.gitdir:/home/runner/work/Black-Mirror/Black-Mirror/.git.path /home/runner/work/_temp/git-credentials-8460341f-a42b-4d89-86bc-0b591bd08149.config
2026-09-30T20:42:17.3351319Z [command]/usr/bin/git config --local includeIf.gitdir:/home/runner/work/Black-Mirror/Black-Mirror/.git/worktrees/*.path /home/runner/work/_temp/git-credentials-8460341f-a42b-4d89-86bc-0b591bd08149.config
2026-09-30T20:42:17.3389509Z [command]/usr/bin/git config --local includeIf.gitdir:/github/workspace/.git.path /github/runner_temp/git-credentials-8460341f-a42b-4d89-86bc-0b591bd08149.config
2026-09-30T20:42:17.3424847Z [command]/usr/bin/git config --local includeIf.gitdir:/github/workspace/.git/worktrees/*.path /github/runner_temp/git-credentials-8460341f-a42b-4d89-86bc-0b591bd08149.config
2026-09-30T20:42:17.3455592Z ##[endgroup]
2026-09-30T20:42:17.3456379Z ##[group]Fetching the repository
2026-09-30T20:42:17.3462801Z [command]/usr/bin/git -c protocol.version=2 fetch --no-tags --prune --no-recurse-submodules --depth=1 origin +18d1bff15f4917340be55cc57f4d1d3ff922b072:refs/remotes/pull/2/merge
2026-09-30T20:42:17.7048990Z From https://github.com/Rick-Clinton-jpg/Black-Mirror
2026-09-30T20:42:17.7049956Z  * [new ref]         18d1bff15f4917340be55cc57f4d1d3ff922b072 -> pull/2/merge
2026-09-30T20:42:17.7054552Z ##[endgroup]
2026-09-30T20:42:17.7055890Z ##[group]Determining the checkout info
2026-09-30T20:42:17.7057272Z ##[endgroup]
2026-09-30T20:42:17.7060148Z [command]/usr/bin/git sparse-checkout disable
2026-09-30T20:42:17.7113161Z [command]/usr/bin/git config --local --unset-all extensions.worktreeConfig
2026-09-30T20:42:17.7148878Z ##[group]Checking out the ref
2026-09-30T20:42:17.7153107Z [command]/usr/bin/git checkout --progress --force refs/remotes/pull/2/merge
2026-09-30T20:42:17.7294656Z Note: switching to 'refs/remotes/pull/2/merge'.
2026-09-30T20:42:17.7295154Z 
2026-09-30T20:42:17.7295548Z You are in 'detached HEAD' state. You can look around, make experimental
2026-09-30T20:42:17.7296476Z changes and commit them, and you can discard any commits you make in this
2026-09-30T20:42:17.7297405Z state without impacting any branches by switching back to a branch.
2026-09-30T20:42:17.7297947Z 
2026-09-30T20:42:17.7298318Z If you want to create a new branch to retain commits you create, you may
2026-09-30T20:42:17.7299166Z do so (now or later) by using -c with the switch command. Example:
2026-09-30T20:42:17.7299658Z 
2026-09-30T20:42:17.7299882Z   git switch -c <new-branch-name>
2026-09-30T20:42:17.7300227Z 
2026-09-30T20:42:17.7300472Z Or undo this operation with:
2026-09-30T20:42:17.7300802Z 
2026-09-30T20:42:17.7300991Z   git switch -
2026-09-30T20:42:17.7301241Z 
2026-09-30T20:42:17.7301641Z Turn off this advice by setting config variable advice.detachedHead to false
2026-09-30T20:42:17.7302454Z 
2026-09-30T20:42:17.7303113Z HEAD is now at 18d1bff Merge c0475976d1e517b8d37d57b59f47074a58e5c6e3 into b61c301a17b518a85f4040fd4246e32661c53e85
2026-09-30T20:42:17.7305699Z ##[endgroup]
2026-09-30T20:42:17.7351196Z [command]/usr/bin/git log -1 --format=%H
2026-09-30T20:42:17.7380016Z 18d1bff15f4917340be55cc57f4d1d3ff922b072
2026-09-30T20:42:17.7389954Z ##[group]Removing auth
2026-09-30T20:42:17.7391111Z Removing SSH command configuration
2026-09-30T20:42:17.7395197Z [command]/usr/bin/git config --local --name-only --get-regexp core\.sshCommand
2026-09-30T20:42:17.7433657Z [command]/usr/bin/git submodule foreach --recursive sh -c "git config --local --name-only --get-regexp 'core\.sshCommand' && git config --local --unset-all 'core.sshCommand' || :"
2026-09-30T20:42:17.7658349Z Removing HTTP extra header
2026-09-30T20:42:17.7662399Z [command]/usr/bin/git config --local --name-only --get-regexp http\.https\:\/\/github\.com\/\.extraheader
2026-09-30T20:42:17.7705518Z [command]/usr/bin/git submodule foreach --recursive sh -c "git config --local --name-only --get-regexp 'http\.https\:\/\/github\.com\/\.extraheader' && git config --local --unset-all 'http.https://github.com/.extraheader' || :"
2026-09-30T20:42:17.7936703Z Removing includeIf entries pointing to credentials config files
2026-09-30T20:42:17.7940088Z [command]/usr/bin/git config --local --name-only --get-regexp ^includeIf\.gitdir:
2026-09-30T20:42:17.7974385Z includeif.gitdir:/home/runner/work/Black-Mirror/Black-Mirror/.git.path
2026-09-30T20:42:17.7976732Z includeif.gitdir:/home/runner/work/Black-Mirror/Black-Mirror/.git/worktrees/*.path
2026-09-30T20:42:17.7978931Z includeif.gitdir:/github/workspace/.git.path
2026-09-30T20:42:17.7980609Z includeif.gitdir:/github/workspace/.git/worktrees/*.path
2026-09-30T20:42:17.7985329Z [command]/usr/bin/git config --local --get-all includeif.gitdir:/home/runner/work/Black-Mirror/Black-Mirror/.git.path
2026-09-30T20:42:17.8012765Z /home/runner/work/_temp/git-credentials-8460341f-a42b-4d89-86bc-0b591bd08149.config
2026-09-30T20:42:17.8023981Z [command]/usr/bin/git config --local --unset includeif.gitdir:/home/runner/work/Black-Mirror/Black-Mirror/.git.path \/home\/runner\/work\/_temp\/git\-credentials\-8460341f\-a42b\-4d89\-86bc\-0b591bd08149\.config
2026-09-30T20:42:17.8061880Z [command]/usr/bin/git config --local --get-all includeif.gitdir:/home/runner/work/Black-Mirror/Black-Mirror/.git/worktrees/*.path
2026-09-30T20:42:17.8088731Z /home/runner/work/_temp/git-credentials-8460341f-a42b-4d89-86bc-0b591bd08149.config
2026-09-30T20:42:17.8107724Z [command]/usr/bin/git config --local --unset includeif.gitdir:/home/runner/work/Black-Mirror/Black-Mirror/.git/worktrees/*.path \/home\/runner\/work\/_temp\/git\-credentials\-8460341f\-a42b\-4d89\-86bc\-0b591bd08149\.config
2026-09-30T20:42:17.8144652Z [command]/usr/bin/git config --local --get-all includeif.gitdir:/github/workspace/.git.path
2026-09-30T20:42:17.8170148Z /github/runner_temp/git-credentials-8460341f-a42b-4d89-86bc-0b591bd08149.config
2026-09-30T20:42:17.8180488Z [command]/usr/bin/git config --local --unset includeif.gitdir:/github/workspace/.git.path \/github\/runner_temp\/git\-credentials\-8460341f\-a42b\-4d89\-86bc\-0b591bd08149\.config
2026-09-30T20:42:17.8220027Z [command]/usr/bin/git config --local --get-all includeif.gitdir:/github/workspace/.git/worktrees/*.path
2026-09-30T20:42:17.8246705Z /github/runner_temp/git-credentials-8460341f-a42b-4d89-86bc-0b591bd08149.config
2026-09-30T20:42:17.8297096Z [command]/usr/bin/git config --local --unset includeif.gitdir:/github/workspace/.git/worktrees/*.path \/github\/runner_temp\/git\-credentials\-8460341f\-a42b\-4d89\-86bc\-0b591bd08149\.config
2026-09-30T20:42:17.8357533Z [command]/usr/bin/git submodule foreach --recursive git config --local --show-origin --name-only --get-regexp remote.origin.url
2026-09-30T20:42:17.8577103Z Removing credentials config '/home/runner/work/_temp/git-credentials-8460341f-a42b-4d89-86bc-0b591bd08149.config'
2026-09-30T20:42:17.8585499Z ##[endgroup]
2026-09-30T20:42:17.8983114Z ##[group]Run actions/setup-python@5fda3b95a4ea91299a34e894583c3862153e4b97
2026-09-30T20:42:17.8984394Z with:
2026-09-30T20:42:17.8984901Z   python-version: 3.12
2026-09-30T20:42:17.8985516Z   check-latest: false
2026-09-30T20:42:17.8994541Z   token: ***
2026-09-30T20:42:17.8995116Z   update-environment: true
2026-09-30T20:42:17.8995792Z   allow-prereleases: false
2026-09-30T20:42:17.8996453Z   freethreaded: false
2026-09-30T20:42:17.8997048Z ##[endgroup]
2026-09-30T20:42:18.0170792Z ##[group]Installed versions
2026-09-30T20:42:18.0246014Z Successfully set up CPython (3.12.14)
2026-09-30T20:42:18.0248520Z ##[endgroup]
2026-09-30T20:42:18.0487685Z ##[group]Run sudo apt-get update
2026-09-30T20:42:18.0489522Z [36;1msudo apt-get update[0m
2026-09-30T20:42:18.0491451Z [36;1msudo apt-get install -y libseccomp2 util-linux[0m
2026-09-30T20:42:18.0493629Z [36;1mpython -m venv .venv[0m
2026-09-30T20:42:18.0494996Z [36;1m.venv/bin/python -m pip install -e . pytest==8.4.2[0m
2026-09-30T20:42:18.0496899Z [36;1m# The bootstrap and test agents execute after dropping to uid 65534.[0m
2026-09-30T20:42:18.0498997Z [36;1m# Preserve owner-only writes while making public source readable.[0m
2026-09-30T20:42:18.0500668Z [36;1mchmod o+x /home/runner[0m
2026-09-30T20:42:18.0501821Z [36;1mchmod -R a+rX mirror_world examples[0m
2026-09-30T20:42:18.0503499Z [36;1mnamei -l "$PWD/mirror_world/sandbox/kernel_lockdown.py"[0m
2026-09-30T20:42:18.0824072Z shell: /usr/bin/bash -e {0}
2026-09-30T20:42:18.0825161Z env:
2026-09-30T20:42:18.0826525Z   pythonLocation: /opt/hostedtoolcache/Python/3.12.14/x64
2026-09-30T20:42:18.0828448Z   PKG_CONFIG_PATH: /opt/hostedtoolcache/Python/3.12.14/x64/lib/pkgconfig
2026-09-30T20:42:18.0830265Z   Python_ROOT_DIR: /opt/hostedtoolcache/Python/3.12.14/x64
2026-09-30T20:42:18.0832060Z   Python2_ROOT_DIR: /opt/hostedtoolcache/Python/3.12.14/x64
2026-09-30T20:42:18.0833684Z   Python3_ROOT_DIR: /opt/hostedtoolcache/Python/3.12.14/x64
2026-09-30T20:42:18.0835300Z   LD_LIBRARY_PATH: /opt/hostedtoolcache/Python/3.12.14/x64/lib
2026-09-30T20:42:18.0836678Z ##[endgroup]
2026-09-30T20:42:18.1763695Z Get:1 file:/etc/apt/apt-mirrors.txt Mirrorlist [144 B]
2026-09-30T20:42:18.2078588Z Hit:2 http://azure.archive.ubuntu.com/ubuntu noble InRelease
2026-09-30T20:42:18.2082780Z Get:6 https://packages.microsoft.com/ubuntu/24.04/prod noble InRelease [3600 B]
2026-09-30T20:42:18.2090542Z Get:3 http://azure.archive.ubuntu.com/ubuntu noble-updates InRelease [126 kB]
2026-09-30T20:42:18.2144071Z Get:4 http://azure.archive.ubuntu.com/ubuntu noble-backports InRelease [126 kB]
2026-09-30T20:42:18.2180224Z Get:5 http://azure.archive.ubuntu.com/ubuntu noble-security InRelease [126 kB]
2026-09-30T20:42:18.3339310Z Get:7 https://packages.microsoft.com/ubuntu/24.04/prod noble/main amd64 Packages [508 kB]
2026-09-30T20:42:18.3536499Z Get:8 https://packages.microsoft.com/ubuntu/24.04/prod noble/main arm64 Packages [456 kB]
2026-09-30T20:42:18.3829406Z Get:9 http://azure.archive.ubuntu.com/ubuntu noble-updates/main amd64 Packages [1338 kB]
2026-09-30T20:42:18.3907643Z Get:10 http://azure.archive.ubuntu.com/ubuntu noble-updates/main Translation-en [301 kB]
2026-09-30T20:42:18.3932643Z Get:11 http://azure.archive.ubuntu.com/ubuntu noble-updates/main amd64 Components [181 kB]
2026-09-30T20:42:18.3985808Z Get:12 http://azure.archive.ubuntu.com/ubuntu noble-updates/universe amd64 Packages [1699 kB]
2026-09-30T20:42:18.4084457Z Get:13 http://azure.archive.ubuntu.com/ubuntu noble-updates/universe Translation-en [341 kB]
2026-09-30T20:42:18.4125558Z Get:14 http://azure.archive.ubuntu.com/ubuntu noble-updates/universe amd64 Components [388 kB]
2026-09-30T20:42:18.4138363Z Get:15 http://azure.archive.ubuntu.com/ubuntu noble-updates/restricted amd64 Packages [1689 kB]
2026-09-30T20:42:18.4240337Z Get:16 http://azure.archive.ubuntu.com/ubuntu noble-updates/restricted Translation-en [386 kB]
2026-09-30T20:42:18.4270251Z Get:17 http://azure.archive.ubuntu.com/ubuntu noble-updates/multiverse amd64 Components [940 B]
2026-09-30T20:42:18.4398337Z Get:18 http://azure.archive.ubuntu.com/ubuntu noble-backports/main amd64 Components [5760 B]
2026-09-30T20:42:18.4859809Z Get:19 http://azure.archive.ubuntu.com/ubuntu noble-backports/universe amd64 Components [12.6 kB]
2026-09-30T20:42:18.4990078Z Get:20 http://azure.archive.ubuntu.com/ubuntu noble-security/main amd64 Packages [1066 kB]
2026-09-30T20:42:18.5058543Z Get:21 http://azure.archive.ubuntu.com/ubuntu noble-security/main Translation-en [220 kB]
2026-09-30T20:42:18.5079480Z Get:22 http://azure.archive.ubuntu.com/ubuntu noble-security/main amd64 Components [46.4 kB]
2026-09-30T20:42:18.5094655Z Get:23 http://azure.archive.ubuntu.com/ubuntu noble-security/universe amd64 Packages [1216 kB]
2026-09-30T20:42:18.5167610Z Get:24 http://azure.archive.ubuntu.com/ubuntu noble-security/universe Translation-en [244 kB]
2026-09-30T20:42:18.5190078Z Get:25 http://azure.archive.ubuntu.com/ubuntu noble-security/universe amd64 Components [76.3 kB]
2026-09-30T20:42:18.5206407Z Get:26 http://azure.archive.ubuntu.com/ubuntu noble-security/restricted amd64 Packages [1566 kB]
2026-09-30T20:42:18.5295666Z Get:27 http://azure.archive.ubuntu.com/ubuntu noble-security/restricted Translation-en [361 kB]
2026-09-30T20:42:22.7229818Z Fetched 12.5 MB in 1s (9217 kB/s)
2026-09-30T20:42:23.5550216Z Reading package lists...
2026-09-30T20:42:23.5847373Z Reading package lists...
2026-09-30T20:42:23.7539768Z Building dependency tree...
2026-09-30T20:42:23.7547088Z Reading state information...
2026-09-30T20:42:23.9293738Z libseccomp2 is already the newest version (2.5.5-1ubuntu3.1).
2026-09-30T20:42:23.9294604Z libseccomp2 set to manually installed.
2026-09-30T20:42:23.9295356Z util-linux is already the newest version (2.39.3-9ubuntu6.6).
2026-09-30T20:42:23.9296185Z 0 upgraded, 0 newly installed, 0 to remove and 23 not upgraded.
2026-09-30T20:42:27.0908680Z Obtaining file:///home/runner/work/Black-Mirror/Black-Mirror
2026-09-30T20:42:27.0925062Z   Installing build dependencies: started
2026-09-30T20:42:28.2440075Z   Installing build dependencies: finished with status 'done'
2026-09-30T20:42:28.2447371Z   Checking if build backend supports build_editable: started
2026-09-30T20:42:28.4613748Z   Checking if build backend supports build_editable: finished with status 'done'
2026-09-30T20:42:28.4622812Z   Getting requirements to build editable: started
2026-09-30T20:42:28.6691301Z   Getting requirements to build editable: finished with status 'done'
2026-09-30T20:42:28.6700666Z   Preparing editable metadata (pyproject.toml): started
2026-09-30T20:42:28.8737911Z   Preparing editable metadata (pyproject.toml): finished with status 'done'
2026-09-30T20:42:28.9507327Z Collecting pytest==8.4.2
2026-09-30T20:42:28.9806429Z   Downloading pytest-8.4.2-py3-none-any.whl.metadata (7.7 kB)
2026-09-30T20:42:28.9943943Z Collecting iniconfig>=1 (from pytest==8.4.2)
2026-09-30T20:42:28.9973772Z   Downloading iniconfig-2.3.0-py3-none-any.whl.metadata (2.5 kB)
2026-09-30T20:42:29.0152077Z Collecting packaging>=20 (from pytest==8.4.2)
2026-09-30T20:42:29.0182675Z   Downloading packaging-26.3-py3-none-any.whl.metadata (3.5 kB)
2026-09-30T20:42:29.0315016Z Collecting pluggy<2,>=1.5 (from pytest==8.4.2)
2026-09-30T20:42:29.0347733Z   Downloading pluggy-1.6.0-py3-none-any.whl.metadata (4.8 kB)
2026-09-30T20:42:29.0554946Z Collecting pygments>=2.7.2 (from pytest==8.4.2)
2026-09-30T20:42:29.0762638Z   Downloading pygments-2.21.0-py3-none-any.whl.metadata (2.5 kB)
2026-09-30T20:42:29.0873555Z Collecting pyseccomp (from black-mirror==1.2.0)
2026-09-30T20:42:29.0935374Z   Downloading pyseccomp-0.1.2-py3-none-any.whl.metadata (1.4 kB)
2026-09-30T20:42:29.2801373Z Collecting cryptography>=42 (from black-mirror==1.2.0)
2026-09-30T20:42:29.2835141Z   Downloading cryptography-50.0.2-cp311-abi3-manylinux_2_34_x86_64.whl.metadata (4.4 kB)
2026-09-30T20:42:29.3746437Z Collecting cffi>=2.0.0 (from cryptography>=42->black-mirror==1.2.0)
2026-09-30T20:42:29.3788045Z   Downloading cffi-2.1.1-cp312-cp312-manylinux2014_x86_64.manylinux_2_17_x86_64.whl.metadata (2.5 kB)
2026-09-30T20:42:29.3936537Z Collecting pycparser (from cffi>=2.0.0->cryptography>=42->black-mirror==1.2.0)
2026-09-30T20:42:29.3967799Z   Downloading pycparser-3.0-py3-none-any.whl.metadata (8.2 kB)
2026-09-30T20:42:29.4045143Z Downloading pytest-8.4.2-py3-none-any.whl (365 kB)
2026-09-30T20:42:29.4187429Z Downloading cryptography-50.0.2-cp311-abi3-manylinux_2_34_x86_64.whl (4.8 MB)
2026-09-30T20:42:29.4399960Z    ━━━━━━━━━━━━━━━━━━━━━━━━━━━━━━━━━━━━━━━━ 4.8/4.8 MB 261.7 MB/s eta 0:00:00
2026-09-30T20:42:29.4447176Z Downloading iniconfig-2.3.0-py3-none-any.whl (7.5 kB)
2026-09-30T20:42:29.4498681Z Downloading packaging-26.3-py3-none-any.whl (129 kB)
2026-09-30T20:42:29.4556640Z Downloading pluggy-1.6.0-py3-none-any.whl (20 kB)
2026-09-30T20:42:29.4607706Z Downloading pygments-2.21.0-py3-none-any.whl (1.3 MB)
2026-09-30T20:42:29.4824311Z    ━━━━━━━━━━━━━━━━━━━━━━━━━━━━━━━━━━━━━━━━ 1.3/1.3 MB 52.2 MB/s eta 0:00:00
2026-09-30T20:42:29.4859705Z Downloading pyseccomp-0.1.2-py3-none-any.whl (5.7 kB)
2026-09-30T20:42:29.4939319Z Downloading cffi-2.1.1-cp312-cp312-manylinux2014_x86_64.manylinux_2_17_x86_64.whl (221 kB)
2026-09-30T20:42:29.5026845Z Downloading pycparser-3.0-py3-none-any.whl (48 kB)
2026-09-30T20:42:29.5213958Z Building wheels for collected packages: black-mirror
2026-09-30T20:42:29.5222486Z   Building editable for black-mirror (pyproject.toml): started
2026-09-30T20:42:29.7454103Z   Building editable for black-mirror (pyproject.toml): finished with status 'done'
2026-09-30T20:42:29.7473331Z   Created wheel for black-mirror: filename=black_mirror-1.2.0-0.editable-py3-none-any.whl size=4813 sha256=868cae02358461f5fbe0b0dd553536f8e0c544c81dec3a48288f7216737f0fb1
2026-09-30T20:42:29.7475141Z   Stored in directory: /tmp/pip-ephem-wheel-cache-poa6szx9/wheels/a6/87/07/239340b9987081958e3cf19aab7d103c3ee59dfb48c4875670
2026-09-30T20:42:29.7492795Z Successfully built black-mirror
2026-09-30T20:42:29.7642213Z Installing collected packages: pyseccomp, pygments, pycparser, pluggy, packaging, iniconfig, pytest, cffi, cryptography, black-mirror
2026-09-30T20:42:31.1245818Z Successfully installed black-mirror-1.2.0 cffi-2.1.1 cryptography-50.0.2 iniconfig-2.3.0 packaging-26.3 pluggy-1.6.0 pycparser-3.0 pygments-2.21.0 pyseccomp-0.1.2 pytest-8.4.2
2026-09-30T20:42:31.2095086Z 
2026-09-30T20:42:31.2095662Z [notice] A new release of pip is available: 25.0.1 -> 26.2.1
2026-09-30T20:42:31.2096511Z [notice] To update, run: python -m pip install --upgrade pip
2026-09-30T20:42:31.2878259Z f: /home/runner/work/Black-Mirror/Black-Mirror/mirror_world/sandbox/kernel_lockdown.py
2026-09-30T20:42:31.2878791Z drwxr-xr-x root   root   /
2026-09-30T20:42:31.2879076Z drwxr-xr-x root   root   home
2026-09-30T20:42:31.2879336Z drwxr-x--x runner runner runner
2026-09-30T20:42:31.2879594Z drwxr-xr-x runner runner work
2026-09-30T20:42:31.2879843Z drwxr-xr-x runner runner Black-Mirror
2026-09-30T20:42:31.2880120Z drwxr-xr-x runner runner Black-Mirror
2026-09-30T20:42:31.2880380Z drwxr-xr-x runner runner mirror_world
2026-09-30T20:42:31.2880835Z drwxr-xr-x runner runner sandbox
2026-09-30T20:42:31.2881637Z -rw-r--r-- runner runner kernel_lockdown.py
2026-09-30T20:42:31.2927968Z ##[group]Run sudo env -i PATH=/usr/sbin:/usr/bin:/sbin:/bin \
2026-09-30T20:42:31.2928441Z [36;1msudo env -i PATH=/usr/sbin:/usr/bin:/sbin:/bin \[0m
2026-09-30T20:42:31.2928799Z [36;1m  PYTEST_DISABLE_PLUGIN_AUTOLOAD=1 \[0m
2026-09-30T20:42:31.2929172Z [36;1m  "$PWD/.venv/bin/python" scripts/check_kernel.py[0m
2026-09-30T20:42:31.2929538Z [36;1msudo env -i PATH=/usr/sbin:/usr/bin:/sbin:/bin \[0m
2026-09-30T20:42:31.2929875Z [36;1m  PYTEST_DISABLE_PLUGIN_AUTOLOAD=1 \[0m
2026-09-30T20:42:31.2930193Z [36;1m  "$PWD/.venv/bin/python" -m pytest -q -ra[0m
2026-09-30T20:42:31.2996897Z shell: /usr/bin/bash -e {0}
2026-09-30T20:42:31.2997147Z env:
2026-09-30T20:42:31.2997412Z   pythonLocation: /opt/hostedtoolcache/Python/3.12.14/x64
2026-09-30T20:42:31.2997849Z   PKG_CONFIG_PATH: /opt/hostedtoolcache/Python/3.12.14/x64/lib/pkgconfig
2026-09-30T20:42:31.2998267Z   Python_ROOT_DIR: /opt/hostedtoolcache/Python/3.12.14/x64
2026-09-30T20:42:31.2998680Z   Python2_ROOT_DIR: /opt/hostedtoolcache/Python/3.12.14/x64
2026-09-30T20:42:31.2999058Z   Python3_ROOT_DIR: /opt/hostedtoolcache/Python/3.12.14/x64
2026-09-30T20:42:31.2999437Z   LD_LIBRARY_PATH: /opt/hostedtoolcache/Python/3.12.14/x64/lib
2026-09-30T20:42:31.2999755Z ##[endgroup]
2026-09-30T20:42:31.6802882Z Containment probe exit: 0
2026-09-30T20:42:31.6803388Z mirror-kernel-ready
2026-09-30T20:42:31.6803595Z 
2026-09-30T20:42:31.6803601Z 
2026-09-30T20:42:34.1091758Z ........................................................................ [ 13%]
2026-09-30T20:42:34.4286726Z ........................................................................ [ 26%]
2026-09-30T20:42:39.9099519Z ........................................................................ [ 40%]
2026-09-30T20:42:40.1389005Z ........................................................................ [ 53%]
2026-09-30T20:42:50.7652272Z ........................................................................ [ 67%]
2026-09-30T20:42:57.4287659Z ..................................................................ss.... [ 80%]
2026-09-30T20:42:57.7370151Z ........................................................................ [ 94%]
2026-09-30T20:42:57.8194123Z ................................                                         [100%]
2026-09-30T20:42:57.8195074Z =========================== short test summary info ============================
2026-09-30T20:42:57.8196219Z SKIPPED [1] tests/test_shield_tripwire.py:121: mirror_shield not installed; core has no hard dependency on it
2026-09-30T20:42:57.8197785Z SKIPPED [1] tests/test_shield_tripwire.py:147: mirror_shield not installed; core has no hard dependency on it
2026-09-30T20:42:57.8198881Z 534 passed, 2 skipped in 25.59s
2026-09-30T20:42:57.8703016Z Post job cleanup.
2026-09-30T20:42:58.0054561Z Post job cleanup.
2026-09-30T20:42:58.0941974Z [command]/usr/bin/git version
2026-09-30T20:42:58.0996730Z git version 2.55.0
2026-09-30T20:42:58.1035188Z Temporarily overriding HOME='/home/runner/work/_temp/1725f043-f728-4579-a875-b1dc13770ae1' before making global git config changes
2026-09-30T20:42:58.1036716Z Adding repository directory to the temporary git global config as a safe directory
2026-09-30T20:42:58.1040514Z [command]/usr/bin/git config --global --add safe.directory /home/runner/work/Black-Mirror/Black-Mirror
2026-09-30T20:42:58.1073917Z Removing SSH command configuration
2026-09-30T20:42:58.1080788Z [command]/usr/bin/git config --local --name-only --get-regexp core\.sshCommand
2026-09-30T20:42:58.1119912Z [command]/usr/bin/git submodule foreach --recursive sh -c "git config --local --name-only --get-regexp 'core\.sshCommand' && git config --local --unset-all 'core.sshCommand' || :"
2026-09-30T20:42:58.1379057Z Removing HTTP extra header
2026-09-30T20:42:58.1380176Z [command]/usr/bin/git config --local --name-only --get-regexp http\.https\:\/\/github\.com\/\.extraheader
2026-09-30T20:42:58.1418469Z [command]/usr/bin/git submodule foreach --recursive sh -c "git config --local --name-only --get-regexp 'http\.https\:\/\/github\.com\/\.extraheader' && git config --local --unset-all 'http.https://github.com/.extraheader' || :"
2026-09-30T20:42:58.1769005Z Removing includeIf entries pointing to credentials config files
2026-09-30T20:42:58.1778309Z [command]/usr/bin/git config --local --name-only --get-regexp ^includeIf\.gitdir:
2026-09-30T20:42:58.1833079Z [command]/usr/bin/git submodule foreach --recursive git config --local --show-origin --name-only --get-regexp remote.origin.url
2026-09-30T20:42:58.2228135Z Cleaning up orphan processes
