2026-09-30T20:39:59.4848654Z Current runner version: '2.337.0'
2026-09-30T20:39:59.4873635Z ##[group]Runner Image Provisioner
2026-09-30T20:39:59.4874526Z Hosted Compute Agent
2026-09-30T20:39:59.4875145Z Version: 20260901.588
2026-09-30T20:39:59.4875809Z Commit: f88ec8081b781fac6c440065ac7ff9e710ce3d0b
2026-09-30T20:39:59.4876519Z Build Date: 2026-09-01T19:56:44Z
2026-09-30T20:39:59.4877213Z Worker ID: {9f5eec2a-c08d-4ffe-b39a-536de8932d3d}
2026-09-30T20:39:59.4877920Z Azure Region: southcentralus
2026-09-30T20:39:59.4878495Z ##[endgroup]
2026-09-30T20:39:59.4879822Z ##[group]Operating System
2026-09-30T20:39:59.4880441Z Ubuntu
2026-09-30T20:39:59.4880973Z 24.04.5
2026-09-30T20:39:59.4881479Z LTS
2026-09-30T20:39:59.4881964Z ##[endgroup]
2026-09-30T20:39:59.4882756Z ##[group]Runner Image
2026-09-30T20:39:59.4883384Z Image: ubuntu-24.04
2026-09-30T20:39:59.4883937Z Version: 20260927.320.1
2026-09-30T20:39:59.4885191Z Included Software: https://github.com/actions/runner-images/blob/ubuntu24/20260927.320/images/ubuntu/Ubuntu2404-Readme.md
2026-09-30T20:39:59.4886708Z Image Release: https://github.com/actions/runner-images/releases/tag/ubuntu24%2F20260927.320
2026-09-30T20:39:59.4887620Z ##[endgroup]
2026-09-30T20:39:59.4888709Z ##[group]GITHUB_TOKEN Permissions
2026-09-30T20:39:59.4890704Z Contents: read
2026-09-30T20:39:59.4891304Z Metadata: read
2026-09-30T20:39:59.4891860Z ##[endgroup]
2026-09-30T20:39:59.4894522Z Secret source: Actions
2026-09-30T20:39:59.4895472Z Cache mode: write
2026-09-30T20:39:59.4896196Z Prepare workflow directory
2026-09-30T20:39:59.5232830Z Prepare all required actions
2026-09-30T20:39:59.5282085Z Getting action download info
2026-09-30T20:39:59.8228433Z Download action repository 'actions/checkout@3d3c42e5aac5ba805825da76410c181273ba90b1' (SHA:3d3c42e5aac5ba805825da76410c181273ba90b1)
2026-09-30T20:39:59.9467059Z Download action repository 'actions/setup-python@5fda3b95a4ea91299a34e894583c3862153e4b97' (SHA:5fda3b95a4ea91299a34e894583c3862153e4b97)
2026-09-30T20:40:00.1470823Z Complete job name: linux-containment
2026-09-30T20:40:00.2160330Z ##[group]Run actions/checkout@3d3c42e5aac5ba805825da76410c181273ba90b1
2026-09-30T20:40:00.2161413Z with:
2026-09-30T20:40:00.2161922Z   persist-credentials: false
2026-09-30T20:40:00.2162524Z   repository: Rick-Clinton-jpg/Black-Mirror
2026-09-30T20:40:00.2166529Z   token: ***
2026-09-30T20:40:00.2167023Z   ssh-strict: true
2026-09-30T20:40:00.2167594Z   ssh-user: git
2026-09-30T20:40:00.2168079Z   clean: true
2026-09-30T20:40:00.2168575Z   sparse-checkout-cone-mode: true
2026-09-30T20:40:00.2169212Z   fetch-depth: 1
2026-09-30T20:40:00.2169704Z   fetch-tags: false
2026-09-30T20:40:00.2170215Z   show-progress: true
2026-09-30T20:40:00.2170736Z   lfs: false
2026-09-30T20:40:00.2171214Z   submodules: false
2026-09-30T20:40:00.2171841Z   set-safe-directory: true
2026-09-30T20:40:00.2172437Z   allow-unsafe-pr-checkout: false
2026-09-30T20:40:00.2173369Z ##[endgroup]
2026-09-30T20:40:00.3177066Z Syncing repository: Rick-Clinton-jpg/Black-Mirror
2026-09-30T20:40:00.3180153Z ##[group]Getting Git version info
2026-09-30T20:40:00.3181407Z Working directory is '/home/runner/work/Black-Mirror/Black-Mirror'
2026-09-30T20:40:00.3183472Z [command]/usr/bin/git version
2026-09-30T20:40:00.3262533Z git version 2.55.0
2026-09-30T20:40:00.3286671Z ##[endgroup]
2026-09-30T20:40:00.3311166Z Temporarily overriding HOME='/home/runner/work/_temp/d74bc8e9-b1c2-42ec-a0dd-8ae751a31f42' before making global git config changes
2026-09-30T20:40:00.3324786Z Adding repository directory to the temporary git global config as a safe directory
2026-09-30T20:40:00.3326819Z [command]/usr/bin/git config --global --add safe.directory /home/runner/work/Black-Mirror/Black-Mirror
2026-09-30T20:40:00.3366424Z Deleting the contents of '/home/runner/work/Black-Mirror/Black-Mirror'
2026-09-30T20:40:00.3369485Z ##[group]Determining repository object format
2026-09-30T20:40:00.3371437Z ##[endgroup]
2026-09-30T20:40:00.3372453Z ##[group]Initializing the repository
2026-09-30T20:40:00.3376946Z [command]/usr/bin/git init /home/runner/work/Black-Mirror/Black-Mirror
2026-09-30T20:40:00.3493313Z hint: Using 'master' as the name for the initial branch. This default branch name
2026-09-30T20:40:00.3495266Z hint: will change to "main" in Git 3.0. To configure the initial branch name
2026-09-30T20:40:00.3496637Z hint: to use in all of your new repositories, which will suppress this warning,
2026-09-30T20:40:00.3497492Z hint: call:
2026-09-30T20:40:00.3498181Z hint:
2026-09-30T20:40:00.3499031Z hint: 	git config --global init.defaultBranch <name>
2026-09-30T20:40:00.3500069Z hint:
2026-09-30T20:40:00.3500774Z hint: Names commonly chosen instead of 'master' are 'main', 'trunk' and
2026-09-30T20:40:00.3501728Z hint: 'development'. The just-created branch can be renamed via this command:
2026-09-30T20:40:00.3502723Z hint:
2026-09-30T20:40:00.3503287Z hint: 	git branch -m <name>
2026-09-30T20:40:00.3503835Z hint:
2026-09-30T20:40:00.3504530Z hint: Disable this message with "git config set advice.defaultBranchName false"
2026-09-30T20:40:00.3505662Z Initialized empty Git repository in /home/runner/work/Black-Mirror/Black-Mirror/.git/
2026-09-30T20:40:00.3508292Z [command]/usr/bin/git remote add origin https://github.com/Rick-Clinton-jpg/Black-Mirror
2026-09-30T20:40:00.3568309Z ##[endgroup]
2026-09-30T20:40:00.3569260Z ##[group]Disabling automatic garbage collection
2026-09-30T20:40:00.3571826Z [command]/usr/bin/git config --local gc.auto 0
2026-09-30T20:40:00.3606023Z ##[endgroup]
2026-09-30T20:40:00.3607184Z ##[group]Setting up auth
2026-09-30T20:40:00.3607942Z Removing SSH command configuration
2026-09-30T20:40:00.3614579Z [command]/usr/bin/git config --local --name-only --get-regexp core\.sshCommand
2026-09-30T20:40:00.3652183Z [command]/usr/bin/git submodule foreach --recursive sh -c "git config --local --name-only --get-regexp 'core\.sshCommand' && git config --local --unset-all 'core.sshCommand' || :"
2026-09-30T20:40:00.4047970Z Removing HTTP extra header
2026-09-30T20:40:00.4059390Z [command]/usr/bin/git config --local --name-only --get-regexp http\.https\:\/\/github\.com\/\.extraheader
2026-09-30T20:40:00.4085881Z [command]/usr/bin/git submodule foreach --recursive sh -c "git config --local --name-only --get-regexp 'http\.https\:\/\/github\.com\/\.extraheader' && git config --local --unset-all 'http.https://github.com/.extraheader' || :"
2026-09-30T20:40:00.4290854Z Removing includeIf entries pointing to credentials config files
2026-09-30T20:40:00.4295729Z [command]/usr/bin/git config --local --name-only --get-regexp ^includeIf\.gitdir:
2026-09-30T20:40:00.4328024Z [command]/usr/bin/git submodule foreach --recursive git config --local --show-origin --name-only --get-regexp remote.origin.url
2026-09-30T20:40:00.4528997Z [command]/usr/bin/git config --file /home/runner/work/_temp/git-credentials-dfe980a8-e371-4c02-af35-a02874f74e05.config http.https://github.com/.extraheader AUTHORIZATION: basic ***
2026-09-30T20:40:00.4572980Z [command]/usr/bin/git config --local includeIf.gitdir:/home/runner/work/Black-Mirror/Black-Mirror/.git.path /home/runner/work/_temp/git-credentials-dfe980a8-e371-4c02-af35-a02874f74e05.config
2026-09-30T20:40:00.4608298Z [command]/usr/bin/git config --local includeIf.gitdir:/home/runner/work/Black-Mirror/Black-Mirror/.git/worktrees/*.path /home/runner/work/_temp/git-credentials-dfe980a8-e371-4c02-af35-a02874f74e05.config
2026-09-30T20:40:00.4646577Z [command]/usr/bin/git config --local includeIf.gitdir:/github/workspace/.git.path /github/runner_temp/git-credentials-dfe980a8-e371-4c02-af35-a02874f74e05.config
2026-09-30T20:40:00.4681251Z [command]/usr/bin/git config --local includeIf.gitdir:/github/workspace/.git/worktrees/*.path /github/runner_temp/git-credentials-dfe980a8-e371-4c02-af35-a02874f74e05.config
2026-09-30T20:40:00.4710590Z ##[endgroup]
2026-09-30T20:40:00.4711652Z ##[group]Fetching the repository
2026-09-30T20:40:00.4716898Z [command]/usr/bin/git -c protocol.version=2 fetch --no-tags --prune --no-recurse-submodules --depth=1 origin +18d1bff15f4917340be55cc57f4d1d3ff922b072:refs/remotes/pull/2/merge
2026-09-30T20:40:01.0767719Z From https://github.com/Rick-Clinton-jpg/Black-Mirror
2026-09-30T20:40:01.0769618Z  * [new ref]         18d1bff15f4917340be55cc57f4d1d3ff922b072 -> pull/2/merge
2026-09-30T20:40:01.0786948Z ##[endgroup]
2026-09-30T20:40:01.0788344Z ##[group]Determining the checkout info
2026-09-30T20:40:01.0789682Z ##[endgroup]
2026-09-30T20:40:01.0790533Z [command]/usr/bin/git sparse-checkout disable
2026-09-30T20:40:01.0839762Z [command]/usr/bin/git config --local --unset-all extensions.worktreeConfig
2026-09-30T20:40:01.0883296Z ##[group]Checking out the ref
2026-09-30T20:40:01.0884773Z [command]/usr/bin/git checkout --progress --force refs/remotes/pull/2/merge
2026-09-30T20:40:01.1016793Z Note: switching to 'refs/remotes/pull/2/merge'.
2026-09-30T20:40:01.1017856Z 
2026-09-30T20:40:01.1018746Z You are in 'detached HEAD' state. You can look around, make experimental
2026-09-30T20:40:01.1020965Z changes and commit them, and you can discard any commits you make in this
2026-09-30T20:40:01.1023633Z state without impacting any branches by switching back to a branch.
2026-09-30T20:40:01.1025149Z 
2026-09-30T20:40:01.1026013Z If you want to create a new branch to retain commits you create, you may
2026-09-30T20:40:01.1028537Z do so (now or later) by using -c with the switch command. Example:
2026-09-30T20:40:01.1030107Z 
2026-09-30T20:40:01.1030744Z   git switch -c <new-branch-name>
2026-09-30T20:40:01.1031693Z 
2026-09-30T20:40:01.1032434Z Or undo this operation with:
2026-09-30T20:40:01.1033537Z 
2026-09-30T20:40:01.1034106Z   git switch -
2026-09-30T20:40:01.1035051Z 
2026-09-30T20:40:01.1036246Z Turn off this advice by setting config variable advice.detachedHead to false
2026-09-30T20:40:01.1038013Z 
2026-09-30T20:40:01.1039899Z HEAD is now at 18d1bff Merge c0475976d1e517b8d37d57b59f47074a58e5c6e3 into b61c301a17b518a85f4040fd4246e32661c53e85
2026-09-30T20:40:01.1045684Z ##[endgroup]
2026-09-30T20:40:01.1076562Z [command]/usr/bin/git log -1 --format=%H
2026-09-30T20:40:01.1101600Z 18d1bff15f4917340be55cc57f4d1d3ff922b072
2026-09-30T20:40:01.1111469Z ##[group]Removing auth
2026-09-30T20:40:01.1112734Z Removing SSH command configuration
2026-09-30T20:40:01.1115707Z [command]/usr/bin/git config --local --name-only --get-regexp core\.sshCommand
2026-09-30T20:40:01.1148515Z [command]/usr/bin/git submodule foreach --recursive sh -c "git config --local --name-only --get-regexp 'core\.sshCommand' && git config --local --unset-all 'core.sshCommand' || :"
2026-09-30T20:40:01.1342252Z Removing HTTP extra header
2026-09-30T20:40:01.1345879Z [command]/usr/bin/git config --local --name-only --get-regexp http\.https\:\/\/github\.com\/\.extraheader
2026-09-30T20:40:01.1378411Z [command]/usr/bin/git submodule foreach --recursive sh -c "git config --local --name-only --get-regexp 'http\.https\:\/\/github\.com\/\.extraheader' && git config --local --unset-all 'http.https://github.com/.extraheader' || :"
2026-09-30T20:40:01.1571984Z Removing includeIf entries pointing to credentials config files
2026-09-30T20:40:01.1576191Z [command]/usr/bin/git config --local --name-only --get-regexp ^includeIf\.gitdir:
2026-09-30T20:40:01.1604008Z includeif.gitdir:/home/runner/work/Black-Mirror/Black-Mirror/.git.path
2026-09-30T20:40:01.1607897Z includeif.gitdir:/home/runner/work/Black-Mirror/Black-Mirror/.git/worktrees/*.path
2026-09-30T20:40:01.1611314Z includeif.gitdir:/github/workspace/.git.path
2026-09-30T20:40:01.1613612Z includeif.gitdir:/github/workspace/.git/worktrees/*.path
2026-09-30T20:40:01.1618422Z [command]/usr/bin/git config --local --get-all includeif.gitdir:/home/runner/work/Black-Mirror/Black-Mirror/.git.path
2026-09-30T20:40:01.1637111Z /home/runner/work/_temp/git-credentials-dfe980a8-e371-4c02-af35-a02874f74e05.config
2026-09-30T20:40:01.1648607Z [command]/usr/bin/git config --local --unset includeif.gitdir:/home/runner/work/Black-Mirror/Black-Mirror/.git.path \/home\/runner\/work\/_temp\/git\-credentials\-dfe980a8\-e371\-4c02\-af35\-a02874f74e05\.config
2026-09-30T20:40:01.1685872Z [command]/usr/bin/git config --local --get-all includeif.gitdir:/home/runner/work/Black-Mirror/Black-Mirror/.git/worktrees/*.path
2026-09-30T20:40:01.1737063Z /home/runner/work/_temp/git-credentials-dfe980a8-e371-4c02-af35-a02874f74e05.config
2026-09-30T20:40:01.1745190Z [command]/usr/bin/git config --local --unset includeif.gitdir:/home/runner/work/Black-Mirror/Black-Mirror/.git/worktrees/*.path \/home\/runner\/work\/_temp\/git\-credentials\-dfe980a8\-e371\-4c02\-af35\-a02874f74e05\.config
2026-09-30T20:40:01.1779828Z [command]/usr/bin/git config --local --get-all includeif.gitdir:/github/workspace/.git.path
2026-09-30T20:40:01.1803086Z /github/runner_temp/git-credentials-dfe980a8-e371-4c02-af35-a02874f74e05.config
2026-09-30T20:40:01.1810438Z [command]/usr/bin/git config --local --unset includeif.gitdir:/github/workspace/.git.path \/github\/runner_temp\/git\-credentials\-dfe980a8\-e371\-4c02\-af35\-a02874f74e05\.config
2026-09-30T20:40:01.1846388Z [command]/usr/bin/git config --local --get-all includeif.gitdir:/github/workspace/.git/worktrees/*.path
2026-09-30T20:40:01.1868961Z /github/runner_temp/git-credentials-dfe980a8-e371-4c02-af35-a02874f74e05.config
2026-09-30T20:40:01.1885518Z [command]/usr/bin/git config --local --unset includeif.gitdir:/github/workspace/.git/worktrees/*.path \/github\/runner_temp\/git\-credentials\-dfe980a8\-e371\-4c02\-af35\-a02874f74e05\.config
2026-09-30T20:40:01.1916169Z [command]/usr/bin/git submodule foreach --recursive git config --local --show-origin --name-only --get-regexp remote.origin.url
2026-09-30T20:40:01.2107494Z Removing credentials config '/home/runner/work/_temp/git-credentials-dfe980a8-e371-4c02-af35-a02874f74e05.config'
2026-09-30T20:40:01.2117893Z ##[endgroup]
2026-09-30T20:40:01.2469689Z ##[group]Run actions/setup-python@5fda3b95a4ea91299a34e894583c3862153e4b97
2026-09-30T20:40:01.2471415Z with:
2026-09-30T20:40:01.2472285Z   python-version: 3.12
2026-09-30T20:40:01.2473481Z   check-latest: false
2026-09-30T20:40:01.2482229Z   token: ***
2026-09-30T20:40:01.2483320Z   update-environment: true
2026-09-30T20:40:01.2484487Z   allow-prereleases: false
2026-09-30T20:40:01.2485521Z   freethreaded: false
2026-09-30T20:40:01.2486459Z ##[endgroup]
2026-09-30T20:40:01.3732213Z ##[group]Installed versions
2026-09-30T20:40:01.3815445Z Successfully set up CPython (3.12.14)
2026-09-30T20:40:01.3817521Z ##[endgroup]
2026-09-30T20:40:01.3979540Z ##[group]Run sudo apt-get update
2026-09-30T20:40:01.3980999Z [36;1msudo apt-get update[0m
2026-09-30T20:40:01.3982269Z [36;1msudo apt-get install -y libseccomp2 util-linux[0m
2026-09-30T20:40:01.3984091Z [36;1mpython -m venv .venv[0m
2026-09-30T20:40:01.3985381Z [36;1m.venv/bin/python -m pip install -e . pytest==8.4.2[0m
2026-09-30T20:40:01.3987109Z [36;1m# The bootstrap and test agents execute after dropping to uid 65534.[0m
2026-09-30T20:40:01.3989102Z [36;1m# Preserve owner-only writes while making public source readable.[0m
2026-09-30T20:40:01.3990657Z [36;1mchmod o+x /home/runner[0m
2026-09-30T20:40:01.3991830Z [36;1mchmod -R a+rX mirror_world examples[0m
2026-09-30T20:40:01.3993705Z [36;1mnamei -l "$PWD/mirror_world/sandbox/kernel_lockdown.py"[0m
2026-09-30T20:40:01.4262523Z shell: /usr/bin/bash -e {0}
2026-09-30T20:40:01.4263911Z env:
2026-09-30T20:40:01.4265050Z   pythonLocation: /opt/hostedtoolcache/Python/3.12.14/x64
2026-09-30T20:40:01.4267452Z   PKG_CONFIG_PATH: /opt/hostedtoolcache/Python/3.12.14/x64/lib/pkgconfig
2026-09-30T20:40:01.4269256Z   Python_ROOT_DIR: /opt/hostedtoolcache/Python/3.12.14/x64
2026-09-30T20:40:01.4270837Z   Python2_ROOT_DIR: /opt/hostedtoolcache/Python/3.12.14/x64
2026-09-30T20:40:01.4272397Z   Python3_ROOT_DIR: /opt/hostedtoolcache/Python/3.12.14/x64
2026-09-30T20:40:01.4274161Z   LD_LIBRARY_PATH: /opt/hostedtoolcache/Python/3.12.14/x64/lib
2026-09-30T20:40:01.4275535Z ##[endgroup]
2026-09-30T20:40:01.5138936Z Get:1 file:/etc/apt/apt-mirrors.txt Mirrorlist [144 B]
2026-09-30T20:40:01.5647256Z Hit:2 http://azure.archive.ubuntu.com/ubuntu noble InRelease
2026-09-30T20:40:01.5651094Z Get:6 https://packages.microsoft.com/ubuntu/24.04/prod noble InRelease [3600 B]
2026-09-30T20:40:01.5695498Z Get:3 http://azure.archive.ubuntu.com/ubuntu noble-updates InRelease [126 kB]
2026-09-30T20:40:01.5725026Z Get:4 http://azure.archive.ubuntu.com/ubuntu noble-backports InRelease [126 kB]
2026-09-30T20:40:01.5764155Z Get:5 http://azure.archive.ubuntu.com/ubuntu noble-security InRelease [126 kB]
2026-09-30T20:40:01.6788052Z Get:7 https://packages.microsoft.com/ubuntu/24.04/prod noble/main arm64 Packages [456 kB]
2026-09-30T20:40:01.7106458Z Get:8 https://packages.microsoft.com/ubuntu/24.04/prod noble/main amd64 Packages [508 kB]
2026-09-30T20:40:01.7234801Z Get:9 http://azure.archive.ubuntu.com/ubuntu noble-updates/main amd64 Packages [1338 kB]
2026-09-30T20:40:01.7311647Z Get:10 http://azure.archive.ubuntu.com/ubuntu noble-updates/main Translation-en [301 kB]
2026-09-30T20:40:01.7347820Z Get:11 http://azure.archive.ubuntu.com/ubuntu noble-updates/main amd64 Components [181 kB]
2026-09-30T20:40:01.7376729Z Get:12 http://azure.archive.ubuntu.com/ubuntu noble-updates/universe amd64 Packages [1699 kB]
2026-09-30T20:40:01.7477436Z Get:13 http://azure.archive.ubuntu.com/ubuntu noble-updates/universe Translation-en [341 kB]
2026-09-30T20:40:01.7532053Z Get:14 http://azure.archive.ubuntu.com/ubuntu noble-updates/universe amd64 Components [388 kB]
2026-09-30T20:40:01.7543464Z Get:15 http://azure.archive.ubuntu.com/ubuntu noble-updates/restricted amd64 Packages [1689 kB]
2026-09-30T20:40:01.7655603Z Get:16 http://azure.archive.ubuntu.com/ubuntu noble-updates/restricted Translation-en [386 kB]
2026-09-30T20:40:01.7685810Z Get:17 http://azure.archive.ubuntu.com/ubuntu noble-updates/multiverse amd64 Components [940 B]
2026-09-30T20:40:01.7799994Z Get:18 http://azure.archive.ubuntu.com/ubuntu noble-backports/main amd64 Components [5760 B]
2026-09-30T20:40:01.8250529Z Get:19 http://azure.archive.ubuntu.com/ubuntu noble-backports/universe amd64 Components [12.6 kB]
2026-09-30T20:40:01.8269789Z Get:20 http://azure.archive.ubuntu.com/ubuntu noble-security/main amd64 Packages [1066 kB]
2026-09-30T20:40:01.8325853Z Get:21 http://azure.archive.ubuntu.com/ubuntu noble-security/main Translation-en [220 kB]
2026-09-30T20:40:01.8345048Z Get:22 http://azure.archive.ubuntu.com/ubuntu noble-security/main amd64 Components [46.4 kB]
2026-09-30T20:40:01.8360620Z Get:23 http://azure.archive.ubuntu.com/ubuntu noble-security/universe amd64 Packages [1216 kB]
2026-09-30T20:40:01.8419946Z Get:24 http://azure.archive.ubuntu.com/ubuntu noble-security/universe Translation-en [244 kB]
2026-09-30T20:40:01.8441058Z Get:25 http://azure.archive.ubuntu.com/ubuntu noble-security/universe amd64 Components [76.3 kB]
2026-09-30T20:40:01.8455385Z Get:26 http://azure.archive.ubuntu.com/ubuntu noble-security/restricted amd64 Packages [1566 kB]
2026-09-30T20:40:01.8535007Z Get:27 http://azure.archive.ubuntu.com/ubuntu noble-security/restricted Translation-en [361 kB]
2026-09-30T20:40:06.7020274Z Fetched 12.5 MB in 1s (8341 kB/s)
2026-09-30T20:40:07.6414252Z Reading package lists...
2026-09-30T20:40:07.6761347Z Reading package lists...
2026-09-30T20:40:07.8913942Z Building dependency tree...
2026-09-30T20:40:07.8920184Z Reading state information...
2026-09-30T20:40:08.1143067Z libseccomp2 is already the newest version (2.5.5-1ubuntu3.1).
2026-09-30T20:40:08.1144073Z libseccomp2 set to manually installed.
2026-09-30T20:40:08.1144809Z util-linux is already the newest version (2.39.3-9ubuntu6.6).
2026-09-30T20:40:08.1145411Z 0 upgraded, 0 newly installed, 0 to remove and 23 not upgraded.
2026-09-30T20:40:11.1353376Z Obtaining file:///home/runner/work/Black-Mirror/Black-Mirror
2026-09-30T20:40:11.1369280Z   Installing build dependencies: started
2026-09-30T20:40:12.3167529Z   Installing build dependencies: finished with status 'done'
2026-09-30T20:40:12.3175095Z   Checking if build backend supports build_editable: started
2026-09-30T20:40:12.5261951Z   Checking if build backend supports build_editable: finished with status 'done'
2026-09-30T20:40:12.5271613Z   Getting requirements to build editable: started
2026-09-30T20:40:12.7261447Z   Getting requirements to build editable: finished with status 'done'
2026-09-30T20:40:12.7271503Z   Preparing editable metadata (pyproject.toml): started
2026-09-30T20:40:12.9129931Z   Preparing editable metadata (pyproject.toml): finished with status 'done'
2026-09-30T20:40:13.0324507Z Collecting pytest==8.4.2
2026-09-30T20:40:13.0916485Z   Downloading pytest-8.4.2-py3-none-any.whl.metadata (7.7 kB)
2026-09-30T20:40:13.1169111Z Collecting iniconfig>=1 (from pytest==8.4.2)
2026-09-30T20:40:13.1299348Z   Downloading iniconfig-2.3.0-py3-none-any.whl.metadata (2.5 kB)
2026-09-30T20:40:13.1583216Z Collecting packaging>=20 (from pytest==8.4.2)
2026-09-30T20:40:13.1716801Z   Downloading packaging-26.3-py3-none-any.whl.metadata (3.5 kB)
2026-09-30T20:40:13.1963007Z Collecting pluggy<2,>=1.5 (from pytest==8.4.2)
2026-09-30T20:40:13.2093154Z   Downloading pluggy-1.6.0-py3-none-any.whl.metadata (4.8 kB)
2026-09-30T20:40:13.2414372Z Collecting pygments>=2.7.2 (from pytest==8.4.2)
2026-09-30T20:40:13.2547675Z   Downloading pygments-2.21.0-py3-none-any.whl.metadata (2.5 kB)
2026-09-30T20:40:13.2797547Z Collecting pyseccomp (from black-mirror==1.2.0)
2026-09-30T20:40:13.2943930Z   Downloading pyseccomp-0.1.2-py3-none-any.whl.metadata (1.4 kB)
2026-09-30T20:40:13.5020677Z Collecting cryptography>=42 (from black-mirror==1.2.0)
2026-09-30T20:40:13.5176095Z   Downloading cryptography-50.0.2-cp311-abi3-manylinux_2_34_x86_64.whl.metadata (4.4 kB)
2026-09-30T20:40:13.6101385Z Collecting cffi>=2.0.0 (from cryptography>=42->black-mirror==1.2.0)
2026-09-30T20:40:13.6237373Z   Downloading cffi-2.1.1-cp312-cp312-manylinux2014_x86_64.manylinux_2_17_x86_64.whl.metadata (2.5 kB)
2026-09-30T20:40:13.6508131Z Collecting pycparser (from cffi>=2.0.0->cryptography>=42->black-mirror==1.2.0)
2026-09-30T20:40:13.6639050Z   Downloading pycparser-3.0-py3-none-any.whl.metadata (8.2 kB)
2026-09-30T20:40:13.6824988Z Downloading pytest-8.4.2-py3-none-any.whl (365 kB)
2026-09-30T20:40:13.7374451Z Downloading cryptography-50.0.2-cp311-abi3-manylinux_2_34_x86_64.whl (4.8 MB)
2026-09-30T20:40:13.8410603Z    ━━━━━━━━━━━━━━━━━━━━━━━━━━━━━━━━━━━━━━━━ 4.8/4.8 MB 50.1 MB/s eta 0:00:00
2026-09-30T20:40:13.8543043Z Downloading iniconfig-2.3.0-py3-none-any.whl (7.5 kB)
2026-09-30T20:40:13.8707748Z Downloading packaging-26.3-py3-none-any.whl (129 kB)
2026-09-30T20:40:13.8866802Z Downloading pluggy-1.6.0-py3-none-any.whl (20 kB)
2026-09-30T20:40:13.9019648Z Downloading pygments-2.21.0-py3-none-any.whl (1.3 MB)
2026-09-30T20:40:13.9089113Z    ━━━━━━━━━━━━━━━━━━━━━━━━━━━━━━━━━━━━━━━━ 1.3/1.3 MB 234.7 MB/s eta 0:00:00
2026-09-30T20:40:13.9226682Z Downloading pyseccomp-0.1.2-py3-none-any.whl (5.7 kB)
2026-09-30T20:40:13.9385216Z Downloading cffi-2.1.1-cp312-cp312-manylinux2014_x86_64.manylinux_2_17_x86_64.whl (221 kB)
2026-09-30T20:40:13.9549719Z Downloading pycparser-3.0-py3-none-any.whl (48 kB)
2026-09-30T20:40:13.9744074Z Building wheels for collected packages: black-mirror
2026-09-30T20:40:13.9751811Z   Building editable for black-mirror (pyproject.toml): started
2026-09-30T20:40:14.1791977Z   Building editable for black-mirror (pyproject.toml): finished with status 'done'
2026-09-30T20:40:14.1797419Z   Created wheel for black-mirror: filename=black_mirror-1.2.0-0.editable-py3-none-any.whl size=4813 sha256=f93f5fc6ca0acf893171a88efa17236e006fe485886b4d908a8e97a0f87d91a4
2026-09-30T20:40:14.1799137Z   Stored in directory: /tmp/pip-ephem-wheel-cache-j6ip_sjb/wheels/a6/87/07/239340b9987081958e3cf19aab7d103c3ee59dfb48c4875670
2026-09-30T20:40:14.1814322Z Successfully built black-mirror
2026-09-30T20:40:14.1952849Z Installing collected packages: pyseccomp, pygments, pycparser, pluggy, packaging, iniconfig, pytest, cffi, cryptography, black-mirror
2026-09-30T20:40:15.3958418Z Successfully installed black-mirror-1.2.0 cffi-2.1.1 cryptography-50.0.2 iniconfig-2.3.0 packaging-26.3 pluggy-1.6.0 pycparser-3.0 pygments-2.21.0 pyseccomp-0.1.2 pytest-8.4.2
2026-09-30T20:40:15.5083264Z 
2026-09-30T20:40:15.5084281Z [notice] A new release of pip is available: 25.0.1 -> 26.2.1
2026-09-30T20:40:15.5085512Z [notice] To update, run: python -m pip install --upgrade pip
2026-09-30T20:40:15.5937291Z f: /home/runner/work/Black-Mirror/Black-Mirror/mirror_world/sandbox/kernel_lockdown.py
2026-09-30T20:40:15.5938209Z drwxr-xr-x root   root   /
2026-09-30T20:40:15.5938957Z drwxr-xr-x root   root   home
2026-09-30T20:40:15.5939397Z drwxr-x--x runner runner runner
2026-09-30T20:40:15.5939900Z drwxr-xr-x runner runner work
2026-09-30T20:40:15.5940242Z drwxr-xr-x runner runner Black-Mirror
2026-09-30T20:40:15.5940608Z drwxr-xr-x runner runner Black-Mirror
2026-09-30T20:40:15.5940963Z drwxr-xr-x runner runner mirror_world
2026-09-30T20:40:15.5941337Z drwxr-xr-x runner runner sandbox
2026-09-30T20:40:15.5941772Z -rw-r--r-- runner runner kernel_lockdown.py
2026-09-30T20:40:15.5996039Z ##[group]Run sudo env -i PATH=/usr/sbin:/usr/bin:/sbin:/bin \
2026-09-30T20:40:15.5996593Z [36;1msudo env -i PATH=/usr/sbin:/usr/bin:/sbin:/bin \[0m
2026-09-30T20:40:15.5997052Z [36;1m  PYTEST_DISABLE_PLUGIN_AUTOLOAD=1 \[0m
2026-09-30T20:40:15.5997523Z [36;1m  "$PWD/.venv/bin/python" scripts/check_kernel.py[0m
2026-09-30T20:40:15.5997967Z [36;1msudo env -i PATH=/usr/sbin:/usr/bin:/sbin:/bin \[0m
2026-09-30T20:40:15.5998385Z [36;1m  PYTEST_DISABLE_PLUGIN_AUTOLOAD=1 \[0m
2026-09-30T20:40:15.5998782Z [36;1m  "$PWD/.venv/bin/python" -m pytest -q -ra[0m
2026-09-30T20:40:15.6044993Z shell: /usr/bin/bash -e {0}
2026-09-30T20:40:15.6045469Z env:
2026-09-30T20:40:15.6045839Z   pythonLocation: /opt/hostedtoolcache/Python/3.12.14/x64
2026-09-30T20:40:15.6046333Z   PKG_CONFIG_PATH: /opt/hostedtoolcache/Python/3.12.14/x64/lib/pkgconfig
2026-09-30T20:40:15.6046858Z   Python_ROOT_DIR: /opt/hostedtoolcache/Python/3.12.14/x64
2026-09-30T20:40:15.6047443Z   Python2_ROOT_DIR: /opt/hostedtoolcache/Python/3.12.14/x64
2026-09-30T20:40:15.6047921Z   Python3_ROOT_DIR: /opt/hostedtoolcache/Python/3.12.14/x64
2026-09-30T20:40:15.6048367Z   LD_LIBRARY_PATH: /opt/hostedtoolcache/Python/3.12.14/x64/lib
2026-09-30T20:40:15.6048768Z ##[endgroup]
2026-09-30T20:40:15.9298632Z Containment probe exit: 0
2026-09-30T20:40:15.9299674Z mirror-kernel-ready
2026-09-30T20:40:15.9300006Z 
2026-09-30T20:40:15.9300062Z 
2026-09-30T20:40:18.0507577Z ........................................................................ [ 13%]
2026-09-30T20:40:18.3533514Z ........................................................................ [ 26%]
2026-09-30T20:40:26.1961748Z ........................................................................ [ 40%]
2026-09-30T20:40:26.4766017Z ........................................................................ [ 53%]
2026-09-30T20:40:33.0922381Z ........................................................................ [ 67%]
2026-09-30T20:40:39.6440723Z ..................................................................ss.... [ 80%]
2026-09-30T20:40:40.1345742Z .............FF......................................................... [ 94%]
2026-09-30T20:40:40.2304103Z ................................                                         [100%]
2026-09-30T20:40:40.2304819Z =================================== FAILURES ===================================
2026-09-30T20:40:40.2305569Z ____________ test_locked_agent_on_the_pipe_cannot_tell_from_timing _____________
2026-09-30T20:40:40.2305907Z 
2026-09-30T20:40:40.2306173Z tmp_path = PosixPath('/tmp/pytest-of-root/pytest-0/test_locked_agent_on_the_pipe_0')
2026-09-30T20:40:40.2306524Z 
2026-09-30T20:40:40.2306755Z     def test_locked_agent_on_the_pipe_cannot_tell_from_timing(tmp_path):
2026-09-30T20:40:40.2307291Z         gov = _gov(tmp_path)
2026-09-30T20:40:40.2307593Z         try:
2026-09-30T20:40:40.2307933Z             _two_writers(gov)
2026-09-30T20:40:40.2308237Z     
2026-09-30T20:40:40.2308520Z             def timed_write(agent):
2026-09-30T20:40:40.2308998Z                 tok = gov.issue_authorization(agent, "fs:write", ttl_seconds=60)
2026-09-30T20:40:40.2309579Z                 req = {"op": "write_resource", "resource": f"{agent}.txt", "content": "x", "dual_token": tok}
2026-09-30T20:40:40.2310571Z                 t0 = time.perf_counter()
2026-09-30T20:40:40.2310973Z                 resp = gov._handle_agent_request(agent, req)
2026-09-30T20:40:40.2311516Z                 elapsed = (time.perf_counter() - t0) * 1e6
2026-09-30T20:40:40.2311922Z                 _check(agent, resp)
2026-09-30T20:40:40.2312265Z                 return elapsed
2026-09-30T20:40:40.2312862Z     
2026-09-30T20:40:40.2313180Z             gap = _median_gap_us(timed_write)
2026-09-30T20:40:40.2313538Z         finally:
2026-09-30T20:40:40.2313868Z             gov.close()
2026-09-30T20:40:40.2314339Z >       assert gap < 100, f"real vs locked median gap {gap:.0f}us on the agent pipe (0.9.7: ~240us)"
2026-09-30T20:40:40.2315147Z E       AssertionError: real vs locked median gap 494us on the agent pipe (0.9.7: ~240us)
2026-09-30T20:40:40.2315674Z E       assert 494.1284999944173 < 100
2026-09-30T20:40:40.2315895Z 
2026-09-30T20:40:40.2316082Z tests/test_timing_quantization.py:76: AssertionError
2026-09-30T20:40:40.2316622Z _______________ test_locked_model_agent_cannot_tell_from_timing ________________
2026-09-30T20:40:40.2316953Z 
2026-09-30T20:40:40.2317196Z tmp_path = PosixPath('/tmp/pytest-of-root/pytest-0/test_locked_model_agent_cannot0')
2026-09-30T20:40:40.2317537Z 
2026-09-30T20:40:40.2317742Z     def test_locked_model_agent_cannot_tell_from_timing(tmp_path):
2026-09-30T20:40:40.2318166Z         gov = _gov(tmp_path)
2026-09-30T20:40:40.2318527Z         try:
2026-09-30T20:40:40.2318841Z             _two_writers(gov)
2026-09-30T20:40:40.2319338Z             mgs = {a: ModelGovernor(gov, agent_id=a, max_proposals_per_minute=1000) for a in ("legit", "locked")}
2026-09-30T20:40:40.2319830Z     
2026-09-30T20:40:40.2320119Z             def timed_write(agent):
2026-09-30T20:40:40.2320559Z                 tok = gov.issue_authorization(agent, "fs:write", ttl_seconds=60)
2026-09-30T20:40:40.2321122Z                 proposal = Proposal(agent_id=agent, op="write_resource", resource=f"{agent}.txt",
2026-09-30T20:40:40.2321657Z                                     content="x", dual_token=tok, rationale="write")
2026-09-30T20:40:40.2322111Z                 t0 = time.perf_counter()
2026-09-30T20:40:40.2322492Z                 resp = mgs[agent].propose(proposal)
2026-09-30T20:40:40.2323201Z                 elapsed = (time.perf_counter() - t0) * 1e6
2026-09-30T20:40:40.2323598Z                 _check(agent, resp)
2026-09-30T20:40:40.2323935Z                 return elapsed
2026-09-30T20:40:40.2324231Z     
2026-09-30T20:40:40.2324552Z             gap = _median_gap_us(timed_write)
2026-09-30T20:40:40.2324914Z         finally:
2026-09-30T20:40:40.2325217Z             gov.close()
2026-09-30T20:40:40.2325728Z >       assert gap < 100, f"real vs locked median gap {gap:.0f}us through ModelGovernor (0.9.7: ~240us)"
2026-09-30T20:40:40.2326328Z E       AssertionError: real vs locked median gap 503us through ModelGovernor (0.9.7: ~240us)
2026-09-30T20:40:40.2326839Z E       assert 503.1340000130058 < 100
2026-09-30T20:40:40.2327050Z 
2026-09-30T20:40:40.2327254Z tests/test_timing_quantization.py:98: AssertionError
2026-09-30T20:40:40.2327698Z =========================== short test summary info ============================
2026-09-30T20:40:40.2328302Z SKIPPED [1] tests/test_shield_tripwire.py:121: mirror_shield not installed; core has no hard dependency on it
2026-09-30T20:40:40.2329005Z SKIPPED [1] tests/test_shield_tripwire.py:147: mirror_shield not installed; core has no hard dependency on it
2026-09-30T20:40:40.2329885Z FAILED tests/test_timing_quantization.py::test_locked_agent_on_the_pipe_cannot_tell_from_timing
2026-09-30T20:40:40.2330526Z FAILED tests/test_timing_quantization.py::test_locked_model_agent_cannot_tell_from_timing
2026-09-30T20:40:40.2331030Z 2 failed, 532 passed, 2 skipped in 23.90s
2026-09-30T20:40:40.2844412Z ##[error]Process completed with exit code 1.
2026-09-30T20:40:40.3080479Z Post job cleanup.
2026-09-30T20:40:40.4009311Z [command]/usr/bin/git version
2026-09-30T20:40:40.4063138Z git version 2.55.0
2026-09-30T20:40:40.4096549Z Temporarily overriding HOME='/home/runner/work/_temp/e31c439c-0356-45b4-8d8c-e9c7c9317218' before making global git config changes
2026-09-30T20:40:40.4098207Z Adding repository directory to the temporary git global config as a safe directory
2026-09-30T20:40:40.4102068Z [command]/usr/bin/git config --global --add safe.directory /home/runner/work/Black-Mirror/Black-Mirror
2026-09-30T20:40:40.4135571Z Removing SSH command configuration
2026-09-30T20:40:40.4143501Z [command]/usr/bin/git config --local --name-only --get-regexp core\.sshCommand
2026-09-30T20:40:40.4179232Z [command]/usr/bin/git submodule foreach --recursive sh -c "git config --local --name-only --get-regexp 'core\.sshCommand' && git config --local --unset-all 'core.sshCommand' || :"
2026-09-30T20:40:40.4397501Z Removing HTTP extra header
2026-09-30T20:40:40.4402966Z [command]/usr/bin/git config --local --name-only --get-regexp http\.https\:\/\/github\.com\/\.extraheader
2026-09-30T20:40:40.4434737Z [command]/usr/bin/git submodule foreach --recursive sh -c "git config --local --name-only --get-regexp 'http\.https\:\/\/github\.com\/\.extraheader' && git config --local --unset-all 'http.https://github.com/.extraheader' || :"
2026-09-30T20:40:40.4643471Z Removing includeIf entries pointing to credentials config files
2026-09-30T20:40:40.4650541Z [command]/usr/bin/git config --local --name-only --get-regexp ^includeIf\.gitdir:
2026-09-30T20:40:40.4684522Z [command]/usr/bin/git submodule foreach --recursive git config --local --show-origin --name-only --get-regexp remote.origin.url
2026-09-30T20:40:40.5158084Z Cleaning up orphan processes
