2026-09-30T20:39:34.4978949Z Current runner version: '2.337.0'
2026-09-30T20:39:34.5004576Z ##[group]Runner Image Provisioner
2026-09-30T20:39:34.5005432Z Hosted Compute Agent
2026-09-30T20:39:34.5006121Z Version: 20260828.587
2026-09-30T20:39:34.5006810Z Commit: abac92662cab4cc7352de4f9f9d2e2419aad9c29
2026-09-30T20:39:34.5007596Z Build Date: 2026-08-28T16:44:25Z
2026-09-30T20:39:34.5008359Z Worker ID: {35b02832-01f6-4ccd-b2fc-dbaafd950a4a}
2026-09-30T20:39:34.5009106Z Azure Region: centralus
2026-09-30T20:39:34.5009755Z ##[endgroup]
2026-09-30T20:39:34.5011688Z ##[group]Operating System
2026-09-30T20:39:34.5012358Z Ubuntu
2026-09-30T20:39:34.5013038Z 24.04.5
2026-09-30T20:39:34.5013574Z LTS
2026-09-30T20:39:34.5014144Z ##[endgroup]
2026-09-30T20:39:34.5014759Z ##[group]Runner Image
2026-09-30T20:39:34.5015366Z Image: ubuntu-24.04
2026-09-30T20:39:34.5016050Z Version: 20260920.314.1
2026-09-30T20:39:34.5017304Z Included Software: https://github.com/actions/runner-images/blob/ubuntu24/20260920.314/images/ubuntu/Ubuntu2404-Readme.md
2026-09-30T20:39:34.5018949Z Image Release: https://github.com/actions/runner-images/releases/tag/ubuntu24%2F20260920.314
2026-09-30T20:39:34.5019900Z ##[endgroup]
2026-09-30T20:39:34.5021699Z ##[group]GITHUB_TOKEN Permissions
2026-09-30T20:39:34.5023898Z Contents: read
2026-09-30T20:39:34.5024643Z Metadata: read
2026-09-30T20:39:34.5025239Z ##[endgroup]
2026-09-30T20:39:34.5027478Z Secret source: Actions
2026-09-30T20:39:34.5028505Z Cache mode: write
2026-09-30T20:39:34.5029691Z Prepare workflow directory
2026-09-30T20:39:34.5406849Z Prepare all required actions
2026-09-30T20:39:34.5457027Z Getting action download info
2026-09-30T20:39:34.8181261Z Download action repository 'actions/checkout@3d3c42e5aac5ba805825da76410c181273ba90b1' (SHA:3d3c42e5aac5ba805825da76410c181273ba90b1)
2026-09-30T20:39:34.9089241Z Download action repository 'actions/setup-python@5fda3b95a4ea91299a34e894583c3862153e4b97' (SHA:5fda3b95a4ea91299a34e894583c3862153e4b97)
2026-09-30T20:39:35.0885931Z Complete job name: linux-containment
2026-09-30T20:39:35.1756100Z ##[group]Run actions/checkout@3d3c42e5aac5ba805825da76410c181273ba90b1
2026-09-30T20:39:35.1757170Z with:
2026-09-30T20:39:35.1757629Z   persist-credentials: false
2026-09-30T20:39:35.1758209Z   repository: Rick-Clinton-jpg/Black-Mirror
2026-09-30T20:39:35.1762307Z   token: ***
2026-09-30T20:39:35.1762755Z   ssh-strict: true
2026-09-30T20:39:35.1763211Z   ssh-user: git
2026-09-30T20:39:35.1763639Z   clean: true
2026-09-30T20:39:35.1764091Z   sparse-checkout-cone-mode: true
2026-09-30T20:39:35.1764627Z   fetch-depth: 1
2026-09-30T20:39:35.1765068Z   fetch-tags: false
2026-09-30T20:39:35.1765526Z   show-progress: true
2026-09-30T20:39:35.1765976Z   lfs: false
2026-09-30T20:39:35.1766389Z   submodules: false
2026-09-30T20:39:35.1766848Z   set-safe-directory: true
2026-09-30T20:39:35.1767358Z   allow-unsafe-pr-checkout: false
2026-09-30T20:39:35.1768141Z ##[endgroup]
2026-09-30T20:39:35.2796801Z Syncing repository: Rick-Clinton-jpg/Black-Mirror
2026-09-30T20:39:35.2799100Z ##[group]Getting Git version info
2026-09-30T20:39:35.2799925Z Working directory is '/home/runner/work/Black-Mirror/Black-Mirror'
2026-09-30T20:39:35.2801350Z [command]/usr/bin/git version
2026-09-30T20:39:35.2943452Z git version 2.55.0
2026-09-30T20:39:35.2947165Z ##[endgroup]
2026-09-30T20:39:35.2959387Z Temporarily overriding HOME='/home/runner/work/_temp/2af59437-b834-4f91-a75f-74cc651b808b' before making global git config changes
2026-09-30T20:39:35.2963331Z Adding repository directory to the temporary git global config as a safe directory
2026-09-30T20:39:35.2968866Z [command]/usr/bin/git config --global --add safe.directory /home/runner/work/Black-Mirror/Black-Mirror
2026-09-30T20:39:35.3018989Z Deleting the contents of '/home/runner/work/Black-Mirror/Black-Mirror'
2026-09-30T20:39:35.3022746Z ##[group]Determining repository object format
2026-09-30T20:39:35.3024171Z ##[endgroup]
2026-09-30T20:39:35.3025480Z ##[group]Initializing the repository
2026-09-30T20:39:35.3028640Z [command]/usr/bin/git init /home/runner/work/Black-Mirror/Black-Mirror
2026-09-30T20:39:35.3146782Z hint: Using 'master' as the name for the initial branch. This default branch name
2026-09-30T20:39:35.3148539Z hint: will change to "main" in Git 3.0. To configure the initial branch name
2026-09-30T20:39:35.3151222Z hint: to use in all of your new repositories, which will suppress this warning,
2026-09-30T20:39:35.3152463Z hint: call:
2026-09-30T20:39:35.3153099Z hint:
2026-09-30T20:39:35.3154014Z hint: 	git config --global init.defaultBranch <name>
2026-09-30T20:39:35.3155034Z hint:
2026-09-30T20:39:35.3155965Z hint: Names commonly chosen instead of 'master' are 'main', 'trunk' and
2026-09-30T20:39:35.3157471Z hint: 'development'. The just-created branch can be renamed via this command:
2026-09-30T20:39:35.3158729Z hint:
2026-09-30T20:39:35.3159640Z hint: 	git branch -m <name>
2026-09-30T20:39:35.3161152Z hint:
2026-09-30T20:39:35.3162710Z hint: Disable this message with "git config set advice.defaultBranchName false"
2026-09-30T20:39:35.3164651Z Initialized empty Git repository in /home/runner/work/Black-Mirror/Black-Mirror/.git/
2026-09-30T20:39:35.3167717Z [command]/usr/bin/git remote add origin https://github.com/Rick-Clinton-jpg/Black-Mirror
2026-09-30T20:39:35.3219559Z ##[endgroup]
2026-09-30T20:39:35.3221322Z ##[group]Disabling automatic garbage collection
2026-09-30T20:39:35.3227176Z [command]/usr/bin/git config --local gc.auto 0
2026-09-30T20:39:35.3274290Z ##[endgroup]
2026-09-30T20:39:35.3276474Z ##[group]Setting up auth
2026-09-30T20:39:35.3277512Z Removing SSH command configuration
2026-09-30T20:39:35.3278487Z [command]/usr/bin/git config --local --name-only --get-regexp core\.sshCommand
2026-09-30T20:39:35.3309992Z [command]/usr/bin/git submodule foreach --recursive sh -c "git config --local --name-only --get-regexp 'core\.sshCommand' && git config --local --unset-all 'core.sshCommand' || :"
2026-09-30T20:39:35.3716839Z Removing HTTP extra header
2026-09-30T20:39:35.3723724Z [command]/usr/bin/git config --local --name-only --get-regexp http\.https\:\/\/github\.com\/\.extraheader
2026-09-30T20:39:35.3760439Z [command]/usr/bin/git submodule foreach --recursive sh -c "git config --local --name-only --get-regexp 'http\.https\:\/\/github\.com\/\.extraheader' && git config --local --unset-all 'http.https://github.com/.extraheader' || :"
2026-09-30T20:39:35.3984772Z Removing includeIf entries pointing to credentials config files
2026-09-30T20:39:35.3990549Z [command]/usr/bin/git config --local --name-only --get-regexp ^includeIf\.gitdir:
2026-09-30T20:39:35.4028549Z [command]/usr/bin/git submodule foreach --recursive git config --local --show-origin --name-only --get-regexp remote.origin.url
2026-09-30T20:39:35.4262542Z [command]/usr/bin/git config --file /home/runner/work/_temp/git-credentials-34412115-2102-4d3b-9b2e-e5cbe125e329.config http.https://github.com/.extraheader AUTHORIZATION: basic ***
2026-09-30T20:39:35.4302678Z [command]/usr/bin/git config --local includeIf.gitdir:/home/runner/work/Black-Mirror/Black-Mirror/.git.path /home/runner/work/_temp/git-credentials-34412115-2102-4d3b-9b2e-e5cbe125e329.config
2026-09-30T20:39:35.4336438Z [command]/usr/bin/git config --local includeIf.gitdir:/home/runner/work/Black-Mirror/Black-Mirror/.git/worktrees/*.path /home/runner/work/_temp/git-credentials-34412115-2102-4d3b-9b2e-e5cbe125e329.config
2026-09-30T20:39:35.4374228Z [command]/usr/bin/git config --local includeIf.gitdir:/github/workspace/.git.path /github/runner_temp/git-credentials-34412115-2102-4d3b-9b2e-e5cbe125e329.config
2026-09-30T20:39:35.4408720Z [command]/usr/bin/git config --local includeIf.gitdir:/github/workspace/.git/worktrees/*.path /github/runner_temp/git-credentials-34412115-2102-4d3b-9b2e-e5cbe125e329.config
2026-09-30T20:39:35.4440286Z ##[endgroup]
2026-09-30T20:39:35.4441326Z ##[group]Fetching the repository
2026-09-30T20:39:35.4447620Z [command]/usr/bin/git -c protocol.version=2 fetch --no-tags --prune --no-recurse-submodules --depth=1 origin +c0475976d1e517b8d37d57b59f47074a58e5c6e3:refs/remotes/origin/checkpoint-anchoring-1.2.0
2026-09-30T20:39:36.0714323Z From https://github.com/Rick-Clinton-jpg/Black-Mirror
2026-09-30T20:39:36.0716648Z  * [new ref]         c0475976d1e517b8d37d57b59f47074a58e5c6e3 -> origin/checkpoint-anchoring-1.2.0
2026-09-30T20:39:36.0725408Z [command]/usr/bin/git branch --list --remote origin/checkpoint-anchoring-1.2.0
2026-09-30T20:39:36.0774935Z   origin/checkpoint-anchoring-1.2.0
2026-09-30T20:39:36.0777786Z [command]/usr/bin/git rev-parse refs/remotes/origin/checkpoint-anchoring-1.2.0
2026-09-30T20:39:36.0810419Z c0475976d1e517b8d37d57b59f47074a58e5c6e3
2026-09-30T20:39:36.0815232Z ##[endgroup]
2026-09-30T20:39:36.0816697Z ##[group]Determining the checkout info
2026-09-30T20:39:36.0818613Z ##[endgroup]
2026-09-30T20:39:36.0820197Z [command]/usr/bin/git sparse-checkout disable
2026-09-30T20:39:36.0876800Z [command]/usr/bin/git config --local --unset-all extensions.worktreeConfig
2026-09-30T20:39:36.0913902Z ##[group]Checking out the ref
2026-09-30T20:39:36.0917643Z [command]/usr/bin/git checkout --progress --force -B checkpoint-anchoring-1.2.0 refs/remotes/origin/checkpoint-anchoring-1.2.0
2026-09-30T20:39:36.1074057Z Switched to a new branch 'checkpoint-anchoring-1.2.0'
2026-09-30T20:39:36.1080435Z branch 'checkpoint-anchoring-1.2.0' set up to track 'origin/checkpoint-anchoring-1.2.0'.
2026-09-30T20:39:36.1085896Z ##[endgroup]
2026-09-30T20:39:36.1130407Z [command]/usr/bin/git log -1 --format=%H
2026-09-30T20:39:36.1159634Z c0475976d1e517b8d37d57b59f47074a58e5c6e3
2026-09-30T20:39:36.1169420Z ##[group]Removing auth
2026-09-30T20:39:36.1170681Z Removing SSH command configuration
2026-09-30T20:39:36.1173188Z [command]/usr/bin/git config --local --name-only --get-regexp core\.sshCommand
2026-09-30T20:39:36.1213975Z [command]/usr/bin/git submodule foreach --recursive sh -c "git config --local --name-only --get-regexp 'core\.sshCommand' && git config --local --unset-all 'core.sshCommand' || :"
2026-09-30T20:39:36.1443439Z Removing HTTP extra header
2026-09-30T20:39:36.1447751Z [command]/usr/bin/git config --local --name-only --get-regexp http\.https\:\/\/github\.com\/\.extraheader
2026-09-30T20:39:36.1485801Z [command]/usr/bin/git submodule foreach --recursive sh -c "git config --local --name-only --get-regexp 'http\.https\:\/\/github\.com\/\.extraheader' && git config --local --unset-all 'http.https://github.com/.extraheader' || :"
2026-09-30T20:39:36.1712660Z Removing includeIf entries pointing to credentials config files
2026-09-30T20:39:36.1715940Z [command]/usr/bin/git config --local --name-only --get-regexp ^includeIf\.gitdir:
2026-09-30T20:39:36.1748082Z includeif.gitdir:/home/runner/work/Black-Mirror/Black-Mirror/.git.path
2026-09-30T20:39:36.1751908Z includeif.gitdir:/home/runner/work/Black-Mirror/Black-Mirror/.git/worktrees/*.path
2026-09-30T20:39:36.1754203Z includeif.gitdir:/github/workspace/.git.path
2026-09-30T20:39:36.1756009Z includeif.gitdir:/github/workspace/.git/worktrees/*.path
2026-09-30T20:39:36.1769469Z [command]/usr/bin/git config --local --get-all includeif.gitdir:/home/runner/work/Black-Mirror/Black-Mirror/.git.path
2026-09-30T20:39:36.1795370Z /home/runner/work/_temp/git-credentials-34412115-2102-4d3b-9b2e-e5cbe125e329.config
2026-09-30T20:39:36.1807622Z [command]/usr/bin/git config --local --unset includeif.gitdir:/home/runner/work/Black-Mirror/Black-Mirror/.git.path \/home\/runner\/work\/_temp\/git\-credentials\-34412115\-2102\-4d3b\-9b2e\-e5cbe125e329\.config
2026-09-30T20:39:36.1849673Z [command]/usr/bin/git config --local --get-all includeif.gitdir:/home/runner/work/Black-Mirror/Black-Mirror/.git/worktrees/*.path
2026-09-30T20:39:36.1875536Z /home/runner/work/_temp/git-credentials-34412115-2102-4d3b-9b2e-e5cbe125e329.config
2026-09-30T20:39:36.1886585Z [command]/usr/bin/git config --local --unset includeif.gitdir:/home/runner/work/Black-Mirror/Black-Mirror/.git/worktrees/*.path \/home\/runner\/work\/_temp\/git\-credentials\-34412115\-2102\-4d3b\-9b2e\-e5cbe125e329\.config
2026-09-30T20:39:36.1923048Z [command]/usr/bin/git config --local --get-all includeif.gitdir:/github/workspace/.git.path
2026-09-30T20:39:36.1973087Z /github/runner_temp/git-credentials-34412115-2102-4d3b-9b2e-e5cbe125e329.config
2026-09-30T20:39:36.2005175Z [command]/usr/bin/git config --local --unset includeif.gitdir:/github/workspace/.git.path \/github\/runner_temp\/git\-credentials\-34412115\-2102\-4d3b\-9b2e\-e5cbe125e329\.config
2026-09-30T20:39:36.2042233Z [command]/usr/bin/git config --local --get-all includeif.gitdir:/github/workspace/.git/worktrees/*.path
2026-09-30T20:39:36.2068120Z /github/runner_temp/git-credentials-34412115-2102-4d3b-9b2e-e5cbe125e329.config
2026-09-30T20:39:36.2076339Z [command]/usr/bin/git config --local --unset includeif.gitdir:/github/workspace/.git/worktrees/*.path \/github\/runner_temp\/git\-credentials\-34412115\-2102\-4d3b\-9b2e\-e5cbe125e329\.config
2026-09-30T20:39:36.2113857Z [command]/usr/bin/git submodule foreach --recursive git config --local --show-origin --name-only --get-regexp remote.origin.url
2026-09-30T20:39:36.2340752Z Removing credentials config '/home/runner/work/_temp/git-credentials-34412115-2102-4d3b-9b2e-e5cbe125e329.config'
2026-09-30T20:39:36.2349022Z ##[endgroup]
2026-09-30T20:39:36.2705472Z ##[group]Run actions/setup-python@5fda3b95a4ea91299a34e894583c3862153e4b97
2026-09-30T20:39:36.2707110Z with:
2026-09-30T20:39:36.2707898Z   python-version: 3.12
2026-09-30T20:39:36.2708872Z   check-latest: false
2026-09-30T20:39:36.2718594Z   token: ***
2026-09-30T20:39:36.2719460Z   update-environment: true
2026-09-30T20:39:36.2720477Z   allow-prereleases: false
2026-09-30T20:39:36.2721747Z   freethreaded: false
2026-09-30T20:39:36.2722633Z ##[endgroup]
2026-09-30T20:39:36.3932110Z ##[group]Installed versions
2026-09-30T20:39:36.4051041Z Successfully set up CPython (3.12.14)
2026-09-30T20:39:36.4053405Z ##[endgroup]
2026-09-30T20:39:36.4273384Z ##[group]Run sudo apt-get update
2026-09-30T20:39:36.4275257Z [36;1msudo apt-get update[0m
2026-09-30T20:39:36.4277260Z [36;1msudo apt-get install -y libseccomp2 util-linux[0m
2026-09-30T20:39:36.4279402Z [36;1mpython -m venv .venv[0m
2026-09-30T20:39:36.4281604Z [36;1m.venv/bin/python -m pip install -e . pytest==8.4.2[0m
2026-09-30T20:39:36.4284492Z [36;1m# The bootstrap and test agents execute after dropping to uid 65534.[0m
2026-09-30T20:39:36.4287743Z [36;1m# Preserve owner-only writes while making public source readable.[0m
2026-09-30T20:39:36.4290306Z [36;1mchmod o+x /home/runner[0m
2026-09-30T20:39:36.4292254Z [36;1mchmod -R a+rX mirror_world examples[0m
2026-09-30T20:39:36.4294612Z [36;1mnamei -l "$PWD/mirror_world/sandbox/kernel_lockdown.py"[0m
2026-09-30T20:39:36.4645506Z shell: /usr/bin/bash -e {0}
2026-09-30T20:39:36.4646670Z env:
2026-09-30T20:39:36.4647827Z   pythonLocation: /opt/hostedtoolcache/Python/3.12.14/x64
2026-09-30T20:39:36.4649852Z   PKG_CONFIG_PATH: /opt/hostedtoolcache/Python/3.12.14/x64/lib/pkgconfig
2026-09-30T20:39:36.4652021Z   Python_ROOT_DIR: /opt/hostedtoolcache/Python/3.12.14/x64
2026-09-30T20:39:36.4653592Z   Python2_ROOT_DIR: /opt/hostedtoolcache/Python/3.12.14/x64
2026-09-30T20:39:36.4655208Z   Python3_ROOT_DIR: /opt/hostedtoolcache/Python/3.12.14/x64
2026-09-30T20:39:36.4656831Z   LD_LIBRARY_PATH: /opt/hostedtoolcache/Python/3.12.14/x64/lib
2026-09-30T20:39:36.4658166Z ##[endgroup]
2026-09-30T20:39:36.5491534Z Get:1 file:/etc/apt/apt-mirrors.txt Mirrorlist [144 B]
2026-09-30T20:39:36.5818118Z Hit:2 http://azure.archive.ubuntu.com/ubuntu noble InRelease
2026-09-30T20:39:36.5873692Z Get:3 http://azure.archive.ubuntu.com/ubuntu noble-updates InRelease [126 kB]
2026-09-30T20:39:36.5878382Z Get:4 http://azure.archive.ubuntu.com/ubuntu noble-backports InRelease [126 kB]
2026-09-30T20:39:36.5912888Z Get:6 https://packages.microsoft.com/ubuntu/24.04/prod noble InRelease [3600 B]
2026-09-30T20:39:36.5923229Z Get:5 http://azure.archive.ubuntu.com/ubuntu noble-security InRelease [126 kB]
2026-09-30T20:39:36.7267031Z Get:7 http://azure.archive.ubuntu.com/ubuntu noble-updates/main amd64 Packages [1338 kB]
2026-09-30T20:39:36.7417059Z Get:8 http://azure.archive.ubuntu.com/ubuntu noble-updates/main Translation-en [301 kB]
2026-09-30T20:39:36.7443273Z Get:9 http://azure.archive.ubuntu.com/ubuntu noble-updates/main amd64 Components [181 kB]
2026-09-30T20:39:36.7455631Z Get:10 http://azure.archive.ubuntu.com/ubuntu noble-updates/universe amd64 Packages [1699 kB]
2026-09-30T20:39:36.7539313Z Get:11 http://azure.archive.ubuntu.com/ubuntu noble-updates/universe Translation-en [341 kB]
2026-09-30T20:39:36.7567555Z Get:12 http://azure.archive.ubuntu.com/ubuntu noble-updates/universe amd64 Components [388 kB]
2026-09-30T20:39:36.7624693Z Get:13 http://azure.archive.ubuntu.com/ubuntu noble-updates/restricted amd64 Packages [1689 kB]
2026-09-30T20:39:36.7679990Z Get:14 http://azure.archive.ubuntu.com/ubuntu noble-updates/restricted Translation-en [386 kB]
2026-09-30T20:39:36.7710054Z Get:15 http://azure.archive.ubuntu.com/ubuntu noble-updates/multiverse amd64 Components [940 B]
2026-09-30T20:39:36.7916128Z Get:16 http://azure.archive.ubuntu.com/ubuntu noble-backports/main amd64 Packages [40.6 kB]
2026-09-30T20:39:36.8341488Z Get:17 http://azure.archive.ubuntu.com/ubuntu noble-backports/main amd64 Components [5760 B]
2026-09-30T20:39:36.8346654Z Get:18 http://azure.archive.ubuntu.com/ubuntu noble-backports/universe amd64 Packages [31.0 kB]
2026-09-30T20:39:36.8356409Z Get:19 http://azure.archive.ubuntu.com/ubuntu noble-backports/universe Translation-en [18.6 kB]
2026-09-30T20:39:36.8365207Z Get:20 http://azure.archive.ubuntu.com/ubuntu noble-backports/universe amd64 Components [12.6 kB]
2026-09-30T20:39:36.8426150Z Get:21 https://packages.microsoft.com/ubuntu/24.04/prod noble/main arm64 Packages [456 kB]
2026-09-30T20:39:36.8608324Z Get:22 https://packages.microsoft.com/ubuntu/24.04/prod noble/main amd64 Packages [508 kB]
2026-09-30T20:39:36.8979209Z Get:23 http://azure.archive.ubuntu.com/ubuntu noble-security/main amd64 Packages [1066 kB]
2026-09-30T20:39:36.9037678Z Get:24 http://azure.archive.ubuntu.com/ubuntu noble-security/main Translation-en [220 kB]
2026-09-30T20:39:36.9053814Z Get:25 http://azure.archive.ubuntu.com/ubuntu noble-security/main amd64 Components [46.4 kB]
2026-09-30T20:39:36.9063712Z Get:26 http://azure.archive.ubuntu.com/ubuntu noble-security/universe amd64 Packages [1216 kB]
2026-09-30T20:39:36.9124109Z Get:27 http://azure.archive.ubuntu.com/ubuntu noble-security/universe Translation-en [244 kB]
2026-09-30T20:39:36.9142087Z Get:28 http://azure.archive.ubuntu.com/ubuntu noble-security/universe amd64 Components [76.3 kB]
2026-09-30T20:39:36.9153039Z Get:29 http://azure.archive.ubuntu.com/ubuntu noble-security/restricted amd64 Packages [1566 kB]
2026-09-30T20:39:36.9254551Z Get:30 http://azure.archive.ubuntu.com/ubuntu noble-security/restricted Translation-en [361 kB]
2026-09-30T20:39:41.2186277Z Fetched 12.6 MB in 1s (9184 kB/s)
2026-09-30T20:39:42.0574667Z Reading package lists...
2026-09-30T20:39:42.0925853Z Reading package lists...
2026-09-30T20:39:42.2729614Z Building dependency tree...
2026-09-30T20:39:42.2737478Z Reading state information...
2026-09-30T20:39:42.4420266Z libseccomp2 is already the newest version (2.5.5-1ubuntu3.1).
2026-09-30T20:39:42.4421242Z libseccomp2 set to manually installed.
2026-09-30T20:39:42.4421723Z util-linux is already the newest version (2.39.3-9ubuntu6.6).
2026-09-30T20:39:42.4422688Z 0 upgraded, 0 newly installed, 0 to remove and 46 not upgraded.
2026-09-30T20:39:45.6239179Z Obtaining file:///home/runner/work/Black-Mirror/Black-Mirror
2026-09-30T20:39:45.6258680Z   Installing build dependencies: started
2026-09-30T20:39:46.9445677Z   Installing build dependencies: finished with status 'done'
2026-09-30T20:39:46.9452244Z   Checking if build backend supports build_editable: started
2026-09-30T20:39:47.1286699Z   Checking if build backend supports build_editable: finished with status 'done'
2026-09-30T20:39:47.1296466Z   Getting requirements to build editable: started
2026-09-30T20:39:47.3376295Z   Getting requirements to build editable: finished with status 'done'
2026-09-30T20:39:47.3385509Z   Preparing editable metadata (pyproject.toml): started
2026-09-30T20:39:47.5389059Z   Preparing editable metadata (pyproject.toml): finished with status 'done'
2026-09-30T20:39:47.6518240Z Collecting pytest==8.4.2
2026-09-30T20:39:47.7003463Z   Downloading pytest-8.4.2-py3-none-any.whl.metadata (7.7 kB)
2026-09-30T20:39:47.7244475Z Collecting iniconfig>=1 (from pytest==8.4.2)
2026-09-30T20:39:47.7345494Z   Downloading iniconfig-2.3.0-py3-none-any.whl.metadata (2.5 kB)
2026-09-30T20:39:47.7619507Z Collecting packaging>=20 (from pytest==8.4.2)
2026-09-30T20:39:47.7718699Z   Downloading packaging-26.3-py3-none-any.whl.metadata (3.5 kB)
2026-09-30T20:39:47.7942548Z Collecting pluggy<2,>=1.5 (from pytest==8.4.2)
2026-09-30T20:39:47.8040457Z   Downloading pluggy-1.6.0-py3-none-any.whl.metadata (4.8 kB)
2026-09-30T20:39:47.8348255Z Collecting pygments>=2.7.2 (from pytest==8.4.2)
2026-09-30T20:39:47.8450126Z   Downloading pygments-2.21.0-py3-none-any.whl.metadata (2.5 kB)
2026-09-30T20:39:47.8842593Z Collecting pyseccomp (from black-mirror==1.2.0)
2026-09-30T20:39:47.8963110Z   Downloading pyseccomp-0.1.2-py3-none-any.whl.metadata (1.4 kB)
2026-09-30T20:39:48.1360519Z Collecting cryptography>=42 (from black-mirror==1.2.0)
2026-09-30T20:39:48.1464831Z   Downloading cryptography-50.0.2-cp311-abi3-manylinux_2_34_x86_64.whl.metadata (4.4 kB)
2026-09-30T20:39:48.2469219Z Collecting cffi>=2.0.0 (from cryptography>=42->black-mirror==1.2.0)
2026-09-30T20:39:48.2576049Z   Downloading cffi-2.1.1-cp312-cp312-manylinux2014_x86_64.manylinux_2_17_x86_64.whl.metadata (2.5 kB)
2026-09-30T20:39:48.2826643Z Collecting pycparser (from cffi>=2.0.0->cryptography>=42->black-mirror==1.2.0)
2026-09-30T20:39:48.2924204Z   Downloading pycparser-3.0-py3-none-any.whl.metadata (8.2 kB)
2026-09-30T20:39:48.3072439Z Downloading pytest-8.4.2-py3-none-any.whl (365 kB)
2026-09-30T20:39:48.3524982Z Downloading cryptography-50.0.2-cp311-abi3-manylinux_2_34_x86_64.whl (4.8 MB)
2026-09-30T20:39:48.4306105Z    ━━━━━━━━━━━━━━━━━━━━━━━━━━━━━━━━━━━━━━━━ 4.8/4.8 MB 67.2 MB/s eta 0:00:00
2026-09-30T20:39:48.4445091Z Downloading iniconfig-2.3.0-py3-none-any.whl (7.5 kB)
2026-09-30T20:39:48.4565816Z Downloading packaging-26.3-py3-none-any.whl (129 kB)
2026-09-30T20:39:48.4712391Z Downloading pluggy-1.6.0-py3-none-any.whl (20 kB)
2026-09-30T20:39:48.4835248Z Downloading pygments-2.21.0-py3-none-any.whl (1.3 MB)
2026-09-30T20:39:48.4930283Z    ━━━━━━━━━━━━━━━━━━━━━━━━━━━━━━━━━━━━━━━━ 1.3/1.3 MB 151.8 MB/s eta 0:00:00
2026-09-30T20:39:48.5048794Z Downloading pyseccomp-0.1.2-py3-none-any.whl (5.7 kB)
2026-09-30T20:39:48.5172012Z Downloading cffi-2.1.1-cp312-cp312-manylinux2014_x86_64.manylinux_2_17_x86_64.whl (221 kB)
2026-09-30T20:39:48.5297009Z Downloading pycparser-3.0-py3-none-any.whl (48 kB)
2026-09-30T20:39:48.5503073Z Building wheels for collected packages: black-mirror
2026-09-30T20:39:48.5511246Z   Building editable for black-mirror (pyproject.toml): started
2026-09-30T20:39:48.7699422Z   Building editable for black-mirror (pyproject.toml): finished with status 'done'
2026-09-30T20:39:48.7705519Z   Created wheel for black-mirror: filename=black_mirror-1.2.0-0.editable-py3-none-any.whl size=4813 sha256=e6d28c26dcd73c568cf8d477c8d838f388e42f661daf7c9aabb888ceab299bc2
2026-09-30T20:39:48.7707050Z   Stored in directory: /tmp/pip-ephem-wheel-cache-spzcqrch/wheels/a6/87/07/239340b9987081958e3cf19aab7d103c3ee59dfb48c4875670
2026-09-30T20:39:48.7725761Z Successfully built black-mirror
2026-09-30T20:39:48.7888793Z Installing collected packages: pyseccomp, pygments, pycparser, pluggy, packaging, iniconfig, pytest, cffi, cryptography, black-mirror
2026-09-30T20:39:50.1496997Z Successfully installed black-mirror-1.2.0 cffi-2.1.1 cryptography-50.0.2 iniconfig-2.3.0 packaging-26.3 pluggy-1.6.0 pycparser-3.0 pygments-2.21.0 pyseccomp-0.1.2 pytest-8.4.2
2026-09-30T20:39:50.2669245Z 
2026-09-30T20:39:50.2669839Z [notice] A new release of pip is available: 25.0.1 -> 26.2.1
2026-09-30T20:39:50.2670418Z [notice] To update, run: python -m pip install --upgrade pip
2026-09-30T20:39:50.3457499Z f: /home/runner/work/Black-Mirror/Black-Mirror/mirror_world/sandbox/kernel_lockdown.py
2026-09-30T20:39:50.3458678Z drwxr-xr-x root   root   /
2026-09-30T20:39:50.3459085Z drwxr-xr-x root   root   home
2026-09-30T20:39:50.3459510Z drwxr-x--x runner runner runner
2026-09-30T20:39:50.3459931Z drwxr-xr-x runner runner work
2026-09-30T20:39:50.3460341Z drwxr-xr-x runner runner Black-Mirror
2026-09-30T20:39:50.3461204Z drwxr-xr-x runner runner Black-Mirror
2026-09-30T20:39:50.3461656Z drwxr-xr-x runner runner mirror_world
2026-09-30T20:39:50.3462015Z drwxr-xr-x runner runner sandbox
2026-09-30T20:39:50.3462367Z -rw-r--r-- runner runner kernel_lockdown.py
2026-09-30T20:39:50.3506534Z ##[group]Run sudo env -i PATH=/usr/sbin:/usr/bin:/sbin:/bin \
2026-09-30T20:39:50.3507014Z [36;1msudo env -i PATH=/usr/sbin:/usr/bin:/sbin:/bin \[0m
2026-09-30T20:39:50.3507370Z [36;1m  PYTEST_DISABLE_PLUGIN_AUTOLOAD=1 \[0m
2026-09-30T20:39:50.3507717Z [36;1m  "$PWD/.venv/bin/python" scripts/check_kernel.py[0m
2026-09-30T20:39:50.3508083Z [36;1msudo env -i PATH=/usr/sbin:/usr/bin:/sbin:/bin \[0m
2026-09-30T20:39:50.3508431Z [36;1m  PYTEST_DISABLE_PLUGIN_AUTOLOAD=1 \[0m
2026-09-30T20:39:50.3508756Z [36;1m  "$PWD/.venv/bin/python" -m pytest -q -ra[0m
2026-09-30T20:39:50.3576413Z shell: /usr/bin/bash -e {0}
2026-09-30T20:39:50.3576672Z env:
2026-09-30T20:39:50.3576943Z   pythonLocation: /opt/hostedtoolcache/Python/3.12.14/x64
2026-09-30T20:39:50.3577389Z   PKG_CONFIG_PATH: /opt/hostedtoolcache/Python/3.12.14/x64/lib/pkgconfig
2026-09-30T20:39:50.3577830Z   Python_ROOT_DIR: /opt/hostedtoolcache/Python/3.12.14/x64
2026-09-30T20:39:50.3578271Z   Python2_ROOT_DIR: /opt/hostedtoolcache/Python/3.12.14/x64
2026-09-30T20:39:50.3578664Z   Python3_ROOT_DIR: /opt/hostedtoolcache/Python/3.12.14/x64
2026-09-30T20:39:50.3579051Z   LD_LIBRARY_PATH: /opt/hostedtoolcache/Python/3.12.14/x64/lib
2026-09-30T20:39:50.3579374Z ##[endgroup]
2026-09-30T20:39:50.6758870Z Containment probe exit: 0
2026-09-30T20:39:50.6759748Z mirror-kernel-ready
2026-09-30T20:39:50.6759946Z 
2026-09-30T20:39:50.6759952Z 
2026-09-30T20:39:52.9127457Z ........................................................................ [ 13%]
2026-09-30T20:39:53.2416416Z ........................................................................ [ 26%]
2026-09-30T20:39:58.8103478Z ........................................................................ [ 40%]
2026-09-30T20:39:59.0954742Z ........................................................................ [ 53%]
2026-09-30T20:40:17.8858170Z ........................................................................ [ 67%]
2026-09-30T20:40:24.5275104Z ..................................................................ss.... [ 80%]
2026-09-30T20:40:24.8433970Z ........................................................................ [ 94%]
2026-09-30T20:40:24.9304061Z ................................                                         [100%]
2026-09-30T20:40:24.9304805Z =========================== short test summary info ============================
2026-09-30T20:40:24.9305673Z SKIPPED [1] tests/test_shield_tripwire.py:121: mirror_shield not installed; core has no hard dependency on it
2026-09-30T20:40:24.9306809Z SKIPPED [1] tests/test_shield_tripwire.py:147: mirror_shield not installed; core has no hard dependency on it
2026-09-30T20:40:24.9307570Z 534 passed, 2 skipped in 33.93s
2026-09-30T20:40:24.9794313Z Post job cleanup.
2026-09-30T20:40:25.1192833Z Post job cleanup.
2026-09-30T20:40:25.2093133Z [command]/usr/bin/git version
2026-09-30T20:40:25.2149601Z git version 2.55.0
2026-09-30T20:40:25.2192369Z Temporarily overriding HOME='/home/runner/work/_temp/99cb95b6-76a4-418b-9d8a-f38b994372e6' before making global git config changes
2026-09-30T20:40:25.2193849Z Adding repository directory to the temporary git global config as a safe directory
2026-09-30T20:40:25.2198784Z [command]/usr/bin/git config --global --add safe.directory /home/runner/work/Black-Mirror/Black-Mirror
2026-09-30T20:40:25.2232678Z Removing SSH command configuration
2026-09-30T20:40:25.2239757Z [command]/usr/bin/git config --local --name-only --get-regexp core\.sshCommand
2026-09-30T20:40:25.2281007Z [command]/usr/bin/git submodule foreach --recursive sh -c "git config --local --name-only --get-regexp 'core\.sshCommand' && git config --local --unset-all 'core.sshCommand' || :"
2026-09-30T20:40:25.2532219Z Removing HTTP extra header
2026-09-30T20:40:25.2538483Z [command]/usr/bin/git config --local --name-only --get-regexp http\.https\:\/\/github\.com\/\.extraheader
2026-09-30T20:40:25.2577749Z [command]/usr/bin/git submodule foreach --recursive sh -c "git config --local --name-only --get-regexp 'http\.https\:\/\/github\.com\/\.extraheader' && git config --local --unset-all 'http.https://github.com/.extraheader' || :"
2026-09-30T20:40:25.2835209Z Removing includeIf entries pointing to credentials config files
2026-09-30T20:40:25.2842393Z [command]/usr/bin/git config --local --name-only --get-regexp ^includeIf\.gitdir:
2026-09-30T20:40:25.2887652Z [command]/usr/bin/git submodule foreach --recursive git config --local --show-origin --name-only --get-regexp remote.origin.url
2026-09-30T20:40:25.3309333Z Cleaning up orphan processes
